Archive member included to satisfy reference by file (symbol)

app/libapp.a(main.c.obj)      (--whole-archive)
zephyr/libzephyr.a(heap.c.obj)
                              (--whole-archive)
zephyr/libzephyr.a(cbprintf_packaged.c.obj)
                              (--whole-archive)
zephyr/libzephyr.a(printk.c.obj)
                              (--whole-archive)
zephyr/libzephyr.a(sem.c.obj)
                              (--whole-archive)
zephyr/libzephyr.a(thread_entry.c.obj)
                              (--whole-archive)
zephyr/libzephyr.a(cbprintf_complete.c.obj)
                              (--whole-archive)
zephyr/libzephyr.a(assert.c.obj)
                              (--whole-archive)
zephyr/libzephyr.a(dec.c.obj)
                              (--whole-archive)
zephyr/libzephyr.a(hex.c.obj)
                              (--whole-archive)
zephyr/libzephyr.a(rb.c.obj)  (--whole-archive)
zephyr/libzephyr.a(timeutil.c.obj)
                              (--whole-archive)
zephyr/libzephyr.a(bitarray.c.obj)
                              (--whole-archive)
zephyr/libzephyr.a(ring_buffer.c.obj)
                              (--whole-archive)
zephyr/libzephyr.a(configs.c.obj)
                              (--whole-archive)
zephyr/libzephyr.a(mmu_regions.c.obj)
                              (--whole-archive)
zephyr/libzephyr.a(tracing_none.c.obj)
                              (--whole-archive)
zephyr/arch/common/libarch__common.a(sw_isr_common.c.obj)
                              (--whole-archive)
zephyr/arch/arch/arm64/core/libarch__arm64__core.a(cpu_idle.S.obj)
                              (--whole-archive)
zephyr/arch/arch/arm64/core/libarch__arm64__core.a(early_mem_funcs.S.obj)
                              (--whole-archive)
zephyr/arch/arch/arm64/core/libarch__arm64__core.a(fatal.c.obj)
                              (--whole-archive)
zephyr/arch/arch/arm64/core/libarch__arm64__core.a(irq_init.c.obj)
                              (--whole-archive)
zephyr/arch/arch/arm64/core/libarch__arm64__core.a(irq_manage.c.obj)
                              (--whole-archive)
zephyr/arch/arch/arm64/core/libarch__arm64__core.a(prep_c.c.obj)
                              (--whole-archive)
zephyr/arch/arch/arm64/core/libarch__arm64__core.a(reboot.c.obj)
                              (--whole-archive)
zephyr/arch/arch/arm64/core/libarch__arm64__core.a(reset.S.obj)
                              (--whole-archive)
zephyr/arch/arch/arm64/core/libarch__arm64__core.a(reset.c.obj)
                              (--whole-archive)
zephyr/arch/arch/arm64/core/libarch__arm64__core.a(switch.S.obj)
                              (--whole-archive)
zephyr/arch/arch/arm64/core/libarch__arm64__core.a(thread.c.obj)
                              (--whole-archive)
zephyr/arch/arch/arm64/core/libarch__arm64__core.a(vector_table.S.obj)
                              (--whole-archive)
zephyr/arch/arch/arm64/core/libarch__arm64__core.a(fpu.c.obj)
                              (--whole-archive)
zephyr/arch/arch/arm64/core/libarch__arm64__core.a(fpu.S.obj)
                              (--whole-archive)
zephyr/arch/arch/arm64/core/libarch__arm64__core.a(mmu.c.obj)
                              (--whole-archive)
zephyr/arch/arch/arm64/core/libarch__arm64__core.a(mmu.S.obj)
                              (--whole-archive)
zephyr/arch/arch/arm64/core/libarch__arm64__core.a(isr_wrapper.S.obj)
                              (--whole-archive)
zephyr/arch/arch/arm64/core/libarch__arm64__core.a(tls.c.obj)
                              (--whole-archive)
zephyr/arch/arch/arm64/core/libarch__arm64__core.a(smccc-call.S.obj)
                              (--whole-archive)
zephyr/arch/arch/arm64/core/libarch__arm64__core.a(header.S.obj)
                              (--whole-archive)
zephyr/lib/libc/picolibc/liblib__libc__picolibc.a(assert.c.obj)
                              (--whole-archive)
zephyr/lib/libc/picolibc/liblib__libc__picolibc.a(cbprintf.c.obj)
                              (--whole-archive)
zephyr/lib/libc/picolibc/liblib__libc__picolibc.a(chk_fail.c.obj)
                              (--whole-archive)
zephyr/lib/libc/picolibc/liblib__libc__picolibc.a(errno_wrap.c.obj)
                              (--whole-archive)
zephyr/lib/libc/picolibc/liblib__libc__picolibc.a(exit.c.obj)
                              (--whole-archive)
zephyr/lib/libc/picolibc/liblib__libc__picolibc.a(locks.c.obj)
                              (--whole-archive)
zephyr/lib/libc/picolibc/liblib__libc__picolibc.a(stdio.c.obj)
                              (--whole-archive)
zephyr/lib/libc/common/liblib__libc__common.a(abort.c.obj)
                              (--whole-archive)
zephyr/lib/libc/common/liblib__libc__common.a(malloc.c.obj)
                              (--whole-archive)
zephyr/drivers/interrupt_controller/libdrivers__interrupt_controller.a(intc_gicv3.c.obj)
                              (--whole-archive)
zephyr/drivers/console/libdrivers__console.a(uart_console.c.obj)
[...]
Memory Configuration

Name             Origin             Length             Attributes
FLASH            0x0000000000000000 0x0000000004000000 xr
RAM              0x0000000040000000 0x0000000008000000 xw
IDT_LIST         0x00000000ffff8000 0x0000000000008000 xw
*default*        0x0000000000000000 0xffffffffffffffff

Linker script and memory map

                0x0000000040004fc0                vfprintf = __d_vfprintf
                0x0000000000000000                vfscanf = __d_vfscanf
LOAD zephyr/CMakeFiles/zephyr_final.dir/misc/empty_file.c.obj
LOAD zephyr/CMakeFiles/zephyr_final.dir/isr_tables.c.obj
LOAD zephyr/CMakeFiles/offsets.dir/./arch/arm64/core/offsets/offsets.c.obj
LOAD app/libapp.a
LOAD zephyr/libzephyr.a
LOAD zephyr/arch/common/libarch__common.a
LOAD zephyr/arch/arch/arm64/core/libarch__arm64__core.a
LOAD zephyr/lib/libc/picolibc/liblib__libc__picolibc.a
LOAD zephyr/lib/libc/common/liblib__libc__common.a
LOAD zephyr/drivers/interrupt_controller/libdrivers__interrupt_controller.a
LOAD zephyr/drivers/console/libdrivers__console.a
LOAD zephyr/drivers/serial/libdrivers__serial.a
LOAD zephyr/drivers/timer/libdrivers__timer.a
LOAD zephyr/kernel/libkernel.a
LOAD zephyr/arch/common/libisr_tables.a
LOAD c:\users\gusta\zephyr-sdk-0.17.0\aarch64-zephyr-elf\bin\../lib/gcc/../../picolibc/aarch64-zephyr-elf/lib/.\libc.a
LOAD c:/users/gusta/zephyr-sdk-0.17.0/aarch64-zephyr-elf/bin/../lib/gcc/aarch64-zephyr-elf/12.2.0\libgcc.a
                0x0000000000001000                _region_min_align = 0x1000

.rel.plt        0x0000000000000000        0x0
 *(SORT_BY_ALIGNMENT(.rel.plt))
                [!provide]                        PROVIDE (__rel_iplt_start = .)
 *(SORT_BY_ALIGNMENT(.rel.iplt))
                [!provide]                        PROVIDE (__rel_iplt_end = .)

.rela.plt       0x0000000000000000        0x0
 *(SORT_BY_ALIGNMENT(.rela.plt))
                [!provide]                        PROVIDE (__rela_iplt_start = .)
 *(SORT_BY_ALIGNMENT(.rela.iplt))
 .rela.iplt     0x0000000000000000        0x0 zephyr/CMakeFiles/zephyr_final.dir/isr_tables.c.obj
                [!provide]                        PROVIDE (__rela_iplt_end = .)

.rel.dyn
 *(SORT_BY_ALIGNMENT(.rel.*))

.rela.dyn       0x0000000000000000        0x0
 *(SORT_BY_ALIGNMENT(.rela.*))
 .rela.data._char_out
                0x0000000000000000        0x0 zephyr/CMakeFiles/zephyr_final.dir/isr_tables.c.obj
 .rela.rodata.mmu_zephyr_ranges
                0x0000000000000000        0x0 zephyr/CMakeFiles/zephyr_final.dir/isr_tables.c.obj
 .rela.text.arch_tls_stack_setup
                0x0000000000000000        0x0 zephyr/CMakeFiles/zephyr_final.dir/isr_tables.c.obj
 .rela.image_header._image_header_section
                0x0000000000000000        0x0 zephyr/CMakeFiles/zephyr_final.dir/isr_tables.c.obj
 .rela.text.bg_thread_main
                0x0000000000000000        0x0 zephyr/CMakeFiles/zephyr_final.dir/isr_tables.c.obj
 .rela.text.z_bss_zero
                0x0000000000000000        0x0 zephyr/CMakeFiles/zephyr_final.dir/isr_tables.c.obj
 .rela.rodata.levels.0
                0x0000000000000000        0x0 zephyr/CMakeFiles/zephyr_final.dir/isr_tables.c.obj
 .rela.text.virt_region_free
                0x0000000000000000        0x0 zephyr/CMakeFiles/zephyr_final.dir/isr_tables.c.obj
 .rela.text.virt_region_alloc
                0x0000000000000000        0x0 zephyr/CMakeFiles/zephyr_final.dir/isr_tables.c.obj
 .rela.text.z_mem_manage_init
                0x0000000000000000        0x0 zephyr/CMakeFiles/zephyr_final.dir/isr_tables.c.obj

/DISCARD/
 *(SORT_BY_ALIGNMENT(.plt))

/DISCARD/
 *(SORT_BY_ALIGNMENT(.iplt))
                0x0000000000000000                __rom_region_start = 0x0

text            0x0000000040000000     0x7000
                0x0000000040000000                __text_region_start = .
                0x0000000040000000                z_mapped_start = .
 *(SORT_BY_ALIGNMENT(.image_header))
 *(SORT_BY_ALIGNMENT(.image_header.*))
 .image_header._image_header_section
                0x0000000040000000       0x40 zephyr/arch/arch/arm64/core/libarch__arm64__core.a(header.S.obj)
                0x0000000040000040                _vector_start = .
 *(SORT_BY_ALIGNMENT(.exc_vector_table))
 *(SORT_BY_ALIGNMENT(.exc_vector_table.*))
 *fill*         0x0000000040000040      0x7c0 
 .exc_vector_table._vector_table_section
                0x0000000040000800      0x784 zephyr/arch/arch/arm64/core/libarch__arm64__core.a(vector_table.S.obj)
                0x0000000040000800                _vector_table
 *(SORT_BY_ALIGNMENT(.vectors))
                0x0000000040000f84                _vector_end = .
 *(SORT_BY_ALIGNMENT(.text))
 *fill*         0x0000000040000f84        0xc 
 .text          0x0000000040000f90       0x2c c:/users/gusta/zephyr-sdk-0.17.0/aarch64-zephyr-elf/bin/../lib/gcc/aarch64-zephyr-elf/12.2.0\libgcc.a(swp_8_4.o)
                0x0000000040000f90                __aarch64_swp8_acq_rel
 .text          0x0000000040000fbc       0x3c c:/users/gusta/zephyr-sdk-0.17.0/aarch64-zephyr-elf/bin/../lib/gcc/aarch64-zephyr-elf/12.2.0\libgcc.a(_lshrdi3.o)
                0x0000000040000fbc                __lshrti3
 .text          0x0000000040000ff8       0x3c c:/users/gusta/zephyr-sdk-0.17.0/aarch64-zephyr-elf/bin/../lib/gcc/aarch64-zephyr-elf/12.2.0\libgcc.a(_ashldi3.o)
                0x0000000040000ff8                __ashlti3
 *(SORT_BY_ALIGNMENT(.text.*))
 *fill*         0x0000000040001034        0x4 
 .text._reset_section
                0x0000000040001038      0x108 zephyr/arch/arch/arm64/core/libarch__arm64__core.a(reset.S.obj)
                0x0000000040001038                __reset_prep_c
                0x00000000400010bc                __start
                0x00000000400010bc                __reset
 .text._isr_wrapper
                0x0000000040001140       0xb8 zephyr/arch/arch/arm64/core/libarch__arm64__core.a(isr_wrapper.S.obj)
                0x0000000040001140                _isr_wrapper
                0x00000000400011b0                z_arm64_irq_done
 .text._OffsetAbsSyms
                0x00000000400011f8        0x4 zephyr/CMakeFiles/offsets.dir/./arch/arm64/core/offsets/offsets.c.obj
                0x00000000400011f8                _OffsetAbsSyms
 .text.main     0x00000000400011fc       0xa4 app/libapp.a(main.c.obj)
                0x00000000400011fc                main
 .text.chunk_size
                0x00000000400012a0       0x14 zephyr/libzephyr.a(heap.c.obj)
 .text.free_list_add
                0x00000000400012b4       0x94 zephyr/libzephyr.a(heap.c.obj)
 .text.sys_heap_init
                0x0000000040001348       0xb8 zephyr/libzephyr.a(heap.c.obj)
                0x0000000040001348                sys_heap_init
 .text.arch_printk_char_out
                0x0000000040001400        0x8 zephyr/libzephyr.a(printk.c.obj)
                0x0000000040001400                arch_printk_char_out
 .text.char_out
                0x0000000040001408       0x10 zephyr/libzephyr.a(printk.c.obj)
 .text.__printk_hook_install
                0x0000000040001418        0xc zephyr/libzephyr.a(printk.c.obj)
                0x0000000040001418                __printk_hook_install
 .text.vprintk  0x0000000040001424       0x4c zephyr/libzephyr.a(printk.c.obj)
                0x0000000040001424                vprintk
 .text.printk   0x0000000040001470       0x78 zephyr/libzephyr.a(printk.c.obj)
                0x0000000040001470                printk
 .text.z_thread_entry
                0x00000000400014e8       0x50 zephyr/libzephyr.a(thread_entry.c.obj)
                0x00000000400014e8                z_thread_entry
 .text.setup_bundle_data.constprop.0
                0x0000000040001538       0x50 zephyr/libzephyr.a(bitarray.c.obj)
 .text.set_region
                0x0000000040001588       0xf0 zephyr/libzephyr.a(bitarray.c.obj)
 .text.set_clear_region
                0x0000000040001678       0x74 zephyr/libzephyr.a(bitarray.c.obj)
 .text.match_region
                0x00000000400016ec       0xdc zephyr/libzephyr.a(bitarray.c.obj)
 .text.sys_bitarray_alloc
                0x00000000400017c8      0x108 zephyr/libzephyr.a(bitarray.c.obj)
                0x00000000400017c8                sys_bitarray_alloc
 .text.sys_bitarray_free
                0x00000000400018d0       0xa8 zephyr/libzephyr.a(bitarray.c.obj)
                0x00000000400018d0                sys_bitarray_free
 .text.sys_bitarray_set_region
                0x0000000040001978        0x8 zephyr/libzephyr.a(bitarray.c.obj)
                0x0000000040001978                sys_bitarray_set_region
 .text._ConfigAbsSyms
                0x0000000040001980        0x4 zephyr/libzephyr.a(configs.c.obj)
                0x0000000040001980                _ConfigAbsSyms
 .text.arch_cpu_idle
                0x0000000040001984       0x10 zephyr/arch/arch/arm64/core/libarch__arm64__core.a(cpu_idle.S.obj)
                0x0000000040001984                arch_cpu_idle
 .text.z_early_memset
                0x0000000040001994       0x40 zephyr/arch/arch/arm64/core/libarch__arm64__core.a(early_mem_funcs.S.obj)
                0x0000000040001994                z_early_memset
 .text.z_arm64_fatal_error
                0x00000000400019d4       0x44 zephyr/arch/arch/arm64/core/libarch__arm64__core.a(fatal.c.obj)
                0x00000000400019d4                z_arm64_fatal_error
 .text.z_arm64_do_kernel_oops
                0x0000000040001a18        0xc zephyr/arch/arch/arm64/core/libarch__arm64__core.a(fatal.c.obj)
                0x0000000040001a18                z_arm64_do_kernel_oops
 .text.z_arm64_interrupt_init
                0x0000000040001a24        0x4 zephyr/arch/arch/arm64/core/libarch__arm64__core.a(irq_init.c.obj)
                0x0000000040001a24                z_arm64_interrupt_init
 .text.arch_irq_enable
                0x0000000040001a28        0x4 zephyr/arch/arch/arm64/core/libarch__arm64__core.a(irq_manage.c.obj)
                0x0000000040001a28                arch_irq_enable
 .text.z_arm64_irq_priority_set
                0x0000000040001a2c        0x4 zephyr/arch/arch/arm64/core/libarch__arm64__core.a(irq_manage.c.obj)
                0x0000000040001a2c                z_arm64_irq_priority_set
 .text.z_irq_spurious
                0x0000000040001a30        0xc zephyr/arch/arch/arm64/core/libarch__arm64__core.a(irq_manage.c.obj)
                0x0000000040001a30                z_irq_spurious
 .text.z_prep_c
                0x0000000040001a3c       0x28 zephyr/arch/arch/arm64/core/libarch__arm64__core.a(prep_c.c.obj)
                0x0000000040001a3c                z_prep_c
 .text.z_arm64_el3_plat_prep_c
                0x0000000040001a64        0x4 zephyr/arch/arch/arm64/core/libarch__arm64__core.a(reset.S.obj)
                0x0000000040001a64                z_arm64_el3_plat_prep_c
 .text.z_arm64_el2_plat_prep_c
                0x0000000040001a68        0x4 zephyr/arch/arch/arm64/core/libarch__arm64__core.a(reset.S.obj)
                0x0000000040001a68                z_arm64_el2_plat_prep_c
 .text.z_arm64_el1_plat_prep_c
                0x0000000040001a6c        0x4 zephyr/arch/arch/arm64/core/libarch__arm64__core.a(reset.S.obj)
                0x0000000040001a6c                z_arm64_el1_plat_prep_c
 .text.el3_get_next_el
                0x0000000040001a70       0x28 zephyr/arch/arch/arm64/core/libarch__arm64__core.a(reset.c.obj)
 .text.z_arm64_el_highest_plat_init
                0x0000000040001a98        0x4 zephyr/arch/arch/arm64/core/libarch__arm64__core.a(reset.c.obj)
                0x0000000040001a98                z_arm64_el_highest_plat_init
 .text.z_arm64_el3_plat_init
                0x0000000040001a9c        0x4 zephyr/arch/arch/arm64/core/libarch__arm64__core.a(reset.c.obj)
                0x0000000040001a9c                z_arm64_el3_plat_init
 .text.z_arm64_el2_plat_init
                0x0000000040001aa0        0x4 zephyr/arch/arch/arm64/core/libarch__arm64__core.a(reset.c.obj)
                0x0000000040001aa0                z_arm64_el2_plat_init
 .text.z_arm64_el1_plat_init
                0x0000000040001aa4        0x4 zephyr/arch/arch/arm64/core/libarch__arm64__core.a(reset.c.obj)
                0x0000000040001aa4                z_arm64_el1_plat_init
 .text.z_arm64_el_highest_init
                0x0000000040001aa8       0x48 zephyr/arch/arch/arm64/core/libarch__arm64__core.a(reset.c.obj)
                0x0000000040001aa8                z_arm64_el_highest_init
 .text.z_arm64_el2_init
                0x0000000040001af0       0x58 zephyr/arch/arch/arm64/core/libarch__arm64__core.a(reset.c.obj)
                0x0000000040001af0                z_arm64_el2_init
 .text.z_arm64_el3_init
                0x0000000040001b48       0x68 zephyr/arch/arch/arm64/core/libarch__arm64__core.a(reset.c.obj)
                0x0000000040001b48                z_arm64_el3_init
 .text.z_arm64_el1_init
                0x0000000040001bb0       0x4c zephyr/arch/arch/arm64/core/libarch__arm64__core.a(reset.c.obj)
                0x0000000040001bb0                z_arm64_el1_init
 .text.z_arm64_el3_get_next_el
                0x0000000040001bfc       0x2c zephyr/arch/arch/arm64/core/libarch__arm64__core.a(reset.c.obj)
                0x0000000040001bfc                z_arm64_el3_get_next_el
 .text.z_arm64_context_switch
                0x0000000040001c28       0x80 zephyr/arch/arch/arm64/core/libarch__arm64__core.a(switch.S.obj)
                0x0000000040001c28                z_arm64_context_switch
 .text.z_arm64_sync_exc
                0x0000000040001ca8       0x4c zephyr/arch/arch/arm64/core/libarch__arm64__core.a(switch.S.obj)
                0x0000000040001ca8                z_arm64_sync_exc
 .text.arch_new_thread
                0x0000000040001cf4       0x8c zephyr/arch/arch/arm64/core/libarch__arm64__core.a(thread.c.obj)
                0x0000000040001cf4                arch_new_thread
 .text.z_arm64_serror
                0x0000000040001d80       0x10 zephyr/arch/arch/arm64/core/libarch__arm64__core.a(vector_table.S.obj)
                0x0000000040001d80                z_arm64_serror
 .text.z_arm64_exit_exc
                0x0000000040001d90       0x5c zephyr/arch/arch/arm64/core/libarch__arm64__core.a(vector_table.S.obj)
                0x0000000040001d90                z_arm64_exit_exc
                0x0000000040001d94                z_arm64_exit_exc_fpu_done
 .text.fpu_access_update
                0x0000000040001dec       0x48 zephyr/arch/arch/arm64/core/libarch__arm64__core.a(fpu.c.obj)
 .text.arch_flush_local_fpu
                0x0000000040001e34       0x5c zephyr/arch/arch/arm64/core/libarch__arm64__core.a(fpu.c.obj)
                0x0000000040001e34                arch_flush_local_fpu
 .text.z_arm64_fpu_enter_exc
                0x0000000040001e90       0x14 zephyr/arch/arch/arm64/core/libarch__arm64__core.a(fpu.c.obj)
                0x0000000040001e90                z_arm64_fpu_enter_exc
 .text.z_arm64_fpu_trap
                0x0000000040001ea4       0xfc zephyr/arch/arch/arm64/core/libarch__arm64__core.a(fpu.c.obj)
                0x0000000040001ea4                z_arm64_fpu_trap
 .text.z_arm64_fpu_exit_exc
                0x0000000040001fa0        0x8 zephyr/arch/arch/arm64/core/libarch__arm64__core.a(fpu.c.obj)
                0x0000000040001fa0                z_arm64_fpu_exit_exc
 .text.z_arm64_fpu_thread_context_switch
                0x0000000040001fa8        0x8 zephyr/arch/arch/arm64/core/libarch__arm64__core.a(fpu.c.obj)
                0x0000000040001fa8                z_arm64_fpu_thread_context_switch
 .text.arch_float_disable
                0x0000000040001fb0       0x50 zephyr/arch/arch/arm64/core/libarch__arm64__core.a(fpu.c.obj)
                0x0000000040001fb0                arch_float_disable
 .text.z_arm64_fpu_save
                0x0000000040002000       0x54 zephyr/arch/arch/arm64/core/libarch__arm64__core.a(fpu.S.obj)
                0x0000000040002000                z_arm64_fpu_save
 .text.z_arm64_fpu_restore
                0x0000000040002054       0x54 zephyr/arch/arch/arm64/core/libarch__arm64__core.a(fpu.S.obj)
                0x0000000040002054                z_arm64_fpu_restore
 .text.new_table
                0x00000000400020a8       0x44 zephyr/arch/arch/arm64/core/libarch__arm64__core.a(mmu.c.obj)
 .text.table_usage
                0x00000000400020ec       0x34 zephyr/arch/arch/arm64/core/libarch__arm64__core.a(mmu.c.obj)
 .text.expand_to_table
                0x0000000040002120       0x80 zephyr/arch/arch/arm64/core/libarch__arm64__core.a(mmu.c.obj)
 .text.invalidate_tlb_all
                0x00000000400021a0       0x14 zephyr/arch/arch/arm64/core/libarch__arm64__core.a(mmu.c.obj)
 .text.inv_dcache_after_map_helper
                0x00000000400021b4       0x8c zephyr/arch/arch/arm64/core/libarch__arm64__core.a(mmu.c.obj)
 .text.__add_map.constprop.0
                0x0000000040002240      0x284 zephyr/arch/arch/arm64/core/libarch__arm64__core.a(mmu.c.obj)
 .text.z_arm64_mm_init
                0x00000000400024c4      0x158 zephyr/arch/arch/arm64/core/libarch__arm64__core.a(mmu.c.obj)
                0x00000000400024c4                z_arm64_mm_init
 .text.arch_mem_map
                0x000000004000261c       0xd4 zephyr/arch/arch/arm64/core/libarch__arm64__core.a(mmu.c.obj)
                0x000000004000261c                arch_mem_map
 .text.arch_virt_region_align
                0x00000000400026f0       0x44 zephyr/arch/arch/arm64/core/libarch__arm64__core.a(mmu.c.obj)
                0x00000000400026f0                arch_virt_region_align
 .text.arch_tls_stack_setup
                0x0000000040002734       0x74 zephyr/arch/arch/arm64/core/libarch__arm64__core.a(tls.c.obj)
                0x0000000040002734                arch_tls_stack_setup
 .text.z_impl_zephyr_fputc
                0x00000000400027a8       0x20 zephyr/lib/libc/picolibc/liblib__libc__picolibc.a(stdio.c.obj)
                0x00000000400027a8                z_impl_zephyr_fputc
 .text.picolibc_put
                0x00000000400027c8       0x1c zephyr/lib/libc/picolibc/liblib__libc__picolibc.a(stdio.c.obj)
 .text.__stdout_hook_install
                0x00000000400027e4       0x20 zephyr/lib/libc/picolibc/liblib__libc__picolibc.a(stdio.c.obj)
                0x00000000400027e4                __stdout_hook_install
 .text.malloc_prepare
                0x0000000040002804       0x2c zephyr/lib/libc/common/liblib__libc__common.a(malloc.c.obj)
 .text.gic_get_rdist
                0x0000000040002830       0x1c zephyr/drivers/interrupt_controller/libdrivers__interrupt_controller.a(intc_gicv3.c.obj)
 .text.gic_wait_rwp.isra.0
                0x000000004000284c       0x4c zephyr/drivers/interrupt_controller/libdrivers__interrupt_controller.a(intc_gicv3.c.obj)
 .text.arm_gic_init
                0x0000000040002898      0x2c4 zephyr/drivers/interrupt_controller/libdrivers__interrupt_controller.a(intc_gicv3.c.obj)
                0x0000000040002898                arm_gic_init
 .text.arm_gic_irq_set_priority
                0x0000000040002b5c       0xb8 zephyr/drivers/interrupt_controller/libdrivers__interrupt_controller.a(intc_gicv3.c.obj)
                0x0000000040002b5c                arm_gic_irq_set_priority
 .text.arm_gic_irq_enable
                0x0000000040002c14       0x5c zephyr/drivers/interrupt_controller/libdrivers__interrupt_controller.a(intc_gicv3.c.obj)
                0x0000000040002c14                arm_gic_irq_enable
 .text.arm_gic_get_active
                0x0000000040002c70        0x8 zephyr/drivers/interrupt_controller/libdrivers__interrupt_controller.a(intc_gicv3.c.obj)
                0x0000000040002c70                arm_gic_get_active
 .text.arm_gic_eoi
                0x0000000040002c78       0x10 zephyr/drivers/interrupt_controller/libdrivers__interrupt_controller.a(intc_gicv3.c.obj)
                0x0000000040002c78                arm_gic_eoi
 .text.uart_console_init
                0x0000000040002c88       0x50 zephyr/drivers/console/libdrivers__console.a(uart_console.c.obj)
 .text.console_out
                0x0000000040002cd8       0x58 zephyr/drivers/console/libdrivers__console.a(uart_console.c.obj)
 .text.pl011_poll_out
                0x0000000040002d30       0x1c zephyr/drivers/serial/libdrivers__serial.a(uart_pl011.c.obj)
 .text.pl011_err_check
                0x0000000040002d4c       0x38 zephyr/drivers/serial/libdrivers__serial.a(uart_pl011.c.obj)
 .text.pl011_runtime_config_get
                0x0000000040002d84       0x14 zephyr/drivers/serial/libdrivers__serial.a(uart_pl011.c.obj)
 .text.pl011_fifo_fill
                0x0000000040002d98       0x38 zephyr/drivers/serial/libdrivers__serial.a(uart_pl011.c.obj)
 .text.pl011_fifo_read
                0x0000000040002dd0       0x38 zephyr/drivers/serial/libdrivers__serial.a(uart_pl011.c.obj)
 .text.pl011_irq_tx_enable
                0x0000000040002e08       0x80 zephyr/drivers/serial/libdrivers__serial.a(uart_pl011.c.obj)
 .text.pl011_irq_tx_disable
                0x0000000040002e88       0x24 zephyr/drivers/serial/libdrivers__serial.a(uart_pl011.c.obj)
 .text.pl011_irq_tx_complete
                0x0000000040002eac       0x18 zephyr/drivers/serial/libdrivers__serial.a(uart_pl011.c.obj)
 .text.pl011_irq_tx_ready
                0x0000000040002ec4       0x44 zephyr/drivers/serial/libdrivers__serial.a(uart_pl011.c.obj)
 .text.pl011_irq_rx_enable
                0x0000000040002f08       0x1c zephyr/drivers/serial/libdrivers__serial.a(uart_pl011.c.obj)
 .text.pl011_irq_rx_disable
                0x0000000040002f24       0x1c zephyr/drivers/serial/libdrivers__serial.a(uart_pl011.c.obj)
 .text.pl011_irq_rx_ready
                0x0000000040002f40       0x38 zephyr/drivers/serial/libdrivers__serial.a(uart_pl011.c.obj)
 .text.pl011_irq_err_enable
                0x0000000040002f78       0x18 zephyr/drivers/serial/libdrivers__serial.a(uart_pl011.c.obj)
 .text.pl011_irq_err_disable
                0x0000000040002f90       0x18 zephyr/drivers/serial/libdrivers__serial.a(uart_pl011.c.obj)
 .text.pl011_irq_is_pending
                0x0000000040002fa8       0x34 zephyr/drivers/serial/libdrivers__serial.a(uart_pl011.c.obj)
 .text.pl011_irq_update
                0x0000000040002fdc        0x8 zephyr/drivers/serial/libdrivers__serial.a(uart_pl011.c.obj)
 .text.pl011_irq_callback_set
                0x0000000040002fe4        0xc zephyr/drivers/serial/libdrivers__serial.a(uart_pl011.c.obj)
 .text.pl011_isr
                0x0000000040002ff0       0x40 zephyr/drivers/serial/libdrivers__serial.a(uart_pl011.c.obj)
                0x0000000040002ff0                pl011_isr
 .text.pwr_on_arm_pl011_0
                0x0000000040003030        0x8 zephyr/drivers/serial/libdrivers__serial.a(uart_pl011.c.obj)
 .text.clk_enable_arm_pl011_0
                0x0000000040003038        0x8 zephyr/drivers/serial/libdrivers__serial.a(uart_pl011.c.obj)
 .text.pl011_irq_config_func_0
                0x0000000040003040       0x24 zephyr/drivers/serial/libdrivers__serial.a(uart_pl011.c.obj)
 .text.pl011_poll_in
                0x0000000040003064       0x4c zephyr/drivers/serial/libdrivers__serial.a(uart_pl011.c.obj)
 .text.pl011_runtime_configure_internal
                0x00000000400030b0      0x1d4 zephyr/drivers/serial/libdrivers__serial.a(uart_pl011.c.obj)
 .text.pl011_runtime_configure
                0x0000000040003284        0x8 zephyr/drivers/serial/libdrivers__serial.a(uart_pl011.c.obj)
 .text.pl011_init
                0x000000004000328c      0x168 zephyr/drivers/serial/libdrivers__serial.a(uart_pl011.c.obj)
 .text.sys_clock_driver_init
                0x00000000400033f4       0x70 zephyr/drivers/timer/libdrivers__timer.a(arm_arch_timer.c.obj)
 .text.arm_arch_timer_compare_isr
                0x0000000040003464       0x60 zephyr/drivers/timer/libdrivers__timer.a(arm_arch_timer.c.obj)
 .text.sys_clock_set_timeout
                0x00000000400034c4       0x90 zephyr/drivers/timer/libdrivers__timer.a(arm_arch_timer.c.obj)
                0x00000000400034c4                sys_clock_set_timeout
 .text.sys_clock_elapsed
                0x0000000040003554       0x38 zephyr/drivers/timer/libdrivers__timer.a(arm_arch_timer.c.obj)
                0x0000000040003554                sys_clock_elapsed
 .text.z_device_state_init
                0x000000004000358c        0x4 zephyr/kernel/libkernel.a(device.c.obj)
                0x000000004000358c                z_device_state_init
 .text.z_impl_device_is_ready
                0x0000000040003590       0x28 zephyr/kernel/libkernel.a(device.c.obj)
                0x0000000040003590                z_impl_device_is_ready
 .text.arch_system_halt
                0x00000000400035b8        0xc zephyr/kernel/libkernel.a(fatal.c.obj)
                0x00000000400035b8                arch_system_halt
 .text.k_sys_fatal_error_handler
                0x00000000400035c4        0xc zephyr/kernel/libkernel.a(fatal.c.obj)
                0x00000000400035c4                k_sys_fatal_error_handler
 .text.z_fatal_error
                0x00000000400035d0       0x38 zephyr/kernel/libkernel.a(fatal.c.obj)
                0x00000000400035d0                z_fatal_error
 .text.do_device_init
                0x0000000040003608       0x60 zephyr/kernel/libkernel.a(init.c.obj)
 .text.z_sys_init_run_level
                0x0000000040003668       0x5c zephyr/kernel/libkernel.a(init.c.obj)
 .text.bg_thread_main
                0x00000000400036c4      0x10c zephyr/kernel/libkernel.a(init.c.obj)
 .text.z_bss_zero
                0x00000000400037d0       0x1c zephyr/kernel/libkernel.a(init.c.obj)
                0x00000000400037d0                z_bss_zero
 .text.z_init_cpu
                0x00000000400037ec       0xc8 zephyr/kernel/libkernel.a(init.c.obj)
                0x00000000400037ec                z_init_cpu
 .text.z_cstart
                0x00000000400038b4       0xf8 zephyr/kernel/libkernel.a(init.c.obj)
                0x00000000400038b4                z_cstart
 .text.z_init_static
                0x00000000400039ac        0x4 zephyr/kernel/libkernel.a(init_static.c.obj)
                0x00000000400039ac                z_init_static
 .text.idle     0x00000000400039b0       0x18 zephyr/kernel/libkernel.a(idle.c.obj)
                0x00000000400039b0                idle
 .text.z_setup_new_thread
                0x00000000400039c8       0xc8 zephyr/kernel/libkernel.a(thread.c.obj)
                0x00000000400039c8                z_setup_new_thread
 .text.z_dummy_thread_init
                0x0000000040003a90       0x18 zephyr/kernel/libkernel.a(thread.c.obj)
                0x0000000040003a90                z_dummy_thread_init
 .text.sys_dlist_remove
                0x0000000040003aa8       0x14 zephyr/kernel/libkernel.a(sched.c.obj)
 .text.unpend_thread_no_timeout
                0x0000000040003abc       0x28 zephyr/kernel/libkernel.a(sched.c.obj)
 .text.ready_thread
                0x0000000040003ae4       0xe8 zephyr/kernel/libkernel.a(sched.c.obj)
 .text.unready_thread
                0x0000000040003bcc       0x94 zephyr/kernel/libkernel.a(sched.c.obj)
 .text.z_swap   0x0000000040003c60       0x80 zephyr/kernel/libkernel.a(sched.c.obj)
 .text.move_thread_to_end_of_prio_q
                0x0000000040003ce0       0xf4 zephyr/kernel/libkernel.a(sched.c.obj)
                0x0000000040003ce0                move_thread_to_end_of_prio_q
 .text.z_ready_thread
                0x0000000040003dd4       0x2c zephyr/kernel/libkernel.a(sched.c.obj)
                0x0000000040003dd4                z_ready_thread
 .text.z_sched_wake_thread
                0x0000000040003e00       0x5c zephyr/kernel/libkernel.a(sched.c.obj)
                0x0000000040003e00                z_sched_wake_thread
 .text.z_thread_timeout
                0x0000000040003e5c        0xc zephyr/kernel/libkernel.a(sched.c.obj)
                0x0000000040003e5c                z_thread_timeout
 .text.z_reschedule
                0x0000000040003e68       0x3c zephyr/kernel/libkernel.a(sched.c.obj)
                0x0000000040003e68                z_reschedule
 .text.z_reschedule_irqlock
                0x0000000040003ea4       0x88 zephyr/kernel/libkernel.a(sched.c.obj)
                0x0000000040003ea4                z_reschedule_irqlock
 .text.k_sched_lock
                0x0000000040003f2c       0x28 zephyr/kernel/libkernel.a(sched.c.obj)
                0x0000000040003f2c                k_sched_lock
 .text.k_sched_unlock
                0x0000000040003f54       0x9c zephyr/kernel/libkernel.a(sched.c.obj)
                0x0000000040003f54                k_sched_unlock
 .text.z_swap_next_thread
                0x0000000040003ff0        0xc zephyr/kernel/libkernel.a(sched.c.obj)
                0x0000000040003ff0                z_swap_next_thread
 .text.z_get_next_switch_handle
                0x0000000040003ffc       0x20 zephyr/kernel/libkernel.a(sched.c.obj)
                0x0000000040003ffc                z_get_next_switch_handle
 .text.z_sched_init
                0x000000004000401c       0x18 zephyr/kernel/libkernel.a(sched.c.obj)
                0x000000004000401c                z_sched_init
 .text.z_impl_k_yield
                0x0000000040004034       0xe8 zephyr/kernel/libkernel.a(sched.c.obj)
                0x0000000040004034                z_impl_k_yield
 .text.z_tick_sleep
                0x000000004000411c       0xac zephyr/kernel/libkernel.a(sched.c.obj)
 .text.z_impl_k_sleep
                0x00000000400041c8       0x50 zephyr/kernel/libkernel.a(sched.c.obj)
                0x00000000400041c8                z_impl_k_sleep
 .text.z_impl_k_wakeup
                0x0000000040004218       0x68 zephyr/kernel/libkernel.a(sched.c.obj)
                0x0000000040004218                z_impl_k_wakeup
 .text.z_impl_k_sched_current_thread_query
                0x0000000040004280        0xc zephyr/kernel/libkernel.a(sched.c.obj)
                0x0000000040004280                z_impl_k_sched_current_thread_query
 .text.z_thread_abort
                0x000000004000428c      0x1a4 zephyr/kernel/libkernel.a(sched.c.obj)
                0x000000004000428c                z_thread_abort
 .text.z_impl_k_thread_abort
                0x0000000040004430        0x4 zephyr/kernel/libkernel.a(sched.c.obj)
                0x0000000040004430                z_impl_k_thread_abort
 .text.slice_timeout
                0x0000000040004434       0x24 zephyr/kernel/libkernel.a(timeslicing.c.obj)
 .text.thread_is_sliceable
                0x0000000040004458       0x58 zephyr/kernel/libkernel.a(timeslicing.c.obj)
                0x0000000040004458                thread_is_sliceable
 .text.z_reset_time_slice
                0x00000000400044b0       0x8c zephyr/kernel/libkernel.a(timeslicing.c.obj)
                0x00000000400044b0                z_reset_time_slice
 .text.z_time_slice
                0x000000004000453c       0x74 zephyr/kernel/libkernel.a(timeslicing.c.obj)
                0x000000004000453c                z_time_slice
 .text.first    0x00000000400045b0       0x18 zephyr/kernel/libkernel.a(timeout.c.obj)
 .text.elapsed  0x00000000400045c8       0x18 zephyr/kernel/libkernel.a(timeout.c.obj)
 .text.next_timeout
                0x00000000400045e0       0x4c zephyr/kernel/libkernel.a(timeout.c.obj)
 .text.remove_timeout
                0x000000004000462c       0x40 zephyr/kernel/libkernel.a(timeout.c.obj)
 .text.z_add_timeout
                0x000000004000466c      0x108 zephyr/kernel/libkernel.a(timeout.c.obj)
                0x000000004000466c                z_add_timeout
 .text.z_abort_timeout
                0x0000000040004774       0x64 zephyr/kernel/libkernel.a(timeout.c.obj)
                0x0000000040004774                z_abort_timeout
 .text.sys_clock_announce
                0x00000000400047d8       0xbc zephyr/kernel/libkernel.a(timeout.c.obj)
                0x00000000400047d8                sys_clock_announce
 .text.sys_clock_tick_get
                0x0000000040004894       0x38 zephyr/kernel/libkernel.a(timeout.c.obj)
                0x0000000040004894                sys_clock_tick_get
 .text.sys_clock_tick_get_32
                0x00000000400048cc       0x14 zephyr/kernel/libkernel.a(timeout.c.obj)
                0x00000000400048cc                sys_clock_tick_get_32
 .text.virt_region_free
                0x00000000400048e0       0xb0 zephyr/kernel/libkernel.a(mmu.c.obj)
 .text.free_page_frame_list_put
                0x0000000040004990       0x48 zephyr/kernel/libkernel.a(mmu.c.obj)
 .text.virt_region_alloc
                0x00000000400049d8      0x110 zephyr/kernel/libkernel.a(mmu.c.obj)
 .text.k_mem_region_align
                0x0000000040004ae8       0x2c zephyr/kernel/libkernel.a(mmu.c.obj)
                0x0000000040004ae8                k_mem_region_align
 .text.k_mem_map_phys_bare
                0x0000000040004b14       0xa0 zephyr/kernel/libkernel.a(mmu.c.obj)
                0x0000000040004b14                k_mem_map_phys_bare
 .text.z_mem_manage_init
                0x0000000040004bb4       0xc8 zephyr/kernel/libkernel.a(mmu.c.obj)
                0x0000000040004bb4                z_mem_manage_init
 .text.z_mem_manage_boot_finish
                0x0000000040004c7c        0x4 zephyr/kernel/libkernel.a(mmu.c.obj)
                0x0000000040004c7c                z_mem_manage_boot_finish
 .text.boot_banner
                0x0000000040004c80        0xc zephyr/kernel/libkernel.a(banner.c.obj)
                0x0000000040004c80                boot_banner
 .text.memcpy   0x0000000040004c8c       0x20 c:\users\gusta\zephyr-sdk-0.17.0\aarch64-zephyr-elf\bin\../lib/gcc/../../picolibc/aarch64-zephyr-elf/lib/.\libc.a(memcpy-stub.c.o)
                0x0000000040004c8c                memcpy
 .text.memset   0x0000000040004cac       0x1c c:\users\gusta\zephyr-sdk-0.17.0\aarch64-zephyr-elf\bin\../lib/gcc/../../picolibc/aarch64-zephyr-elf/lib/.\libc.a(memset-stub.c.o)
                0x0000000040004cac                memset
 .text.strnlen  0x0000000040004cc8       0x28 c:\users\gusta\zephyr-sdk-0.17.0\aarch64-zephyr-elf\bin\../lib/gcc/../../picolibc/aarch64-zephyr-elf/lib/.\libc.a(strnlen-stub.c.o)
                0x0000000040004cc8                strnlen
 .text.printf   0x0000000040004cf0       0x84 c:\users\gusta\zephyr-sdk-0.17.0\aarch64-zephyr-elf\bin\../lib/gcc/../../picolibc/aarch64-zephyr-elf/lib/.\libc.a(libc_tinystdio_printf.c.o)
                0x0000000040004cf0                printf
 .text.putchar  0x0000000040004d74        0xc c:\users\gusta\zephyr-sdk-0.17.0\aarch64-zephyr-elf\bin\../lib/gcc/../../picolibc/aarch64-zephyr-elf/lib/.\libc.a(libc_tinystdio_putchar.c.o)
                0x0000000040004d74                putchar_unlocked
                0x0000000040004d74                putchar
 .text.__ultoa_invert
                0x0000000040004d80       0x50 c:\users\gusta\zephyr-sdk-0.17.0\aarch64-zephyr-elf\bin\../lib/gcc/../../picolibc/aarch64-zephyr-elf/lib/.\libc.a(libc_tinystdio_vfprintf.c.o)
 .text.skip_to_arg
                0x0000000040004dd0      0x1f0 c:\users\gusta\zephyr-sdk-0.17.0\aarch64-zephyr-elf\bin\../lib/gcc/../../picolibc/aarch64-zephyr-elf/lib/.\libc.a(libc_tinystdio_vfprintf.c.o)
 .text.vfprintf
                0x0000000040004fc0      0xeb8 c:\users\gusta\zephyr-sdk-0.17.0\aarch64-zephyr-elf\bin\../lib/gcc/../../picolibc/aarch64-zephyr-elf/lib/.\libc.a(libc_tinystdio_vfprintf.c.o)
                0x0000000040004fc0                __d_vfprintf
 .text.mulShift64
                0x0000000040005e78       0x30 c:\users\gusta\zephyr-sdk-0.17.0\aarch64-zephyr-elf\bin\../lib/gcc/../../picolibc/aarch64-zephyr-elf/lib/.\libc.a(libc_tinystdio_dtoa_ryu.c.o)
 .text.__dtoa_engine
                0x0000000040005ea8      0x504 c:\users\gusta\zephyr-sdk-0.17.0\aarch64-zephyr-elf\bin\../lib/gcc/../../picolibc/aarch64-zephyr-elf/lib/.\libc.a(libc_tinystdio_dtoa_ryu.c.o)
                0x0000000040005ea8                __dtoa_engine
 .text.__log10Pow2
                0x00000000400063ac       0x14 c:\users\gusta\zephyr-sdk-0.17.0\aarch64-zephyr-elf\bin\../lib/gcc/../../picolibc/aarch64-zephyr-elf/lib/.\libc.a(libc_tinystdio_ryu_log10.c.o)
                0x00000000400063ac                __log10Pow2
 .text.__log10Pow5
                0x00000000400063c0       0x14 c:\users\gusta\zephyr-sdk-0.17.0\aarch64-zephyr-elf\bin\../lib/gcc/../../picolibc/aarch64-zephyr-elf/lib/.\libc.a(libc_tinystdio_ryu_log10.c.o)
                0x00000000400063c0                __log10Pow5
 .text.__pow5bits
                0x00000000400063d4       0x18 c:\users\gusta\zephyr-sdk-0.17.0\aarch64-zephyr-elf\bin\../lib/gcc/../../picolibc/aarch64-zephyr-elf/lib/.\libc.a(libc_tinystdio_ryu_pow5bits.c.o)
                0x00000000400063d4                __pow5bits
 .text.__pow5Factor
                0x00000000400063ec       0x2c c:\users\gusta\zephyr-sdk-0.17.0\aarch64-zephyr-elf\bin\../lib/gcc/../../picolibc/aarch64-zephyr-elf/lib/.\libc.a(libc_tinystdio_ryu_table.c.o)
                0x00000000400063ec                __pow5Factor
 .text.__double_computePow5
                0x0000000040006418      0x100 c:\users\gusta\zephyr-sdk-0.17.0\aarch64-zephyr-elf\bin\../lib/gcc/../../picolibc/aarch64-zephyr-elf/lib/.\libc.a(libc_tinystdio_ryu_table.c.o)
                0x0000000040006418                __double_computePow5
 .text.__double_computeInvPow5
                0x0000000040006518      0x104 c:\users\gusta\zephyr-sdk-0.17.0\aarch64-zephyr-elf\bin\../lib/gcc/../../picolibc/aarch64-zephyr-elf/lib/.\libc.a(libc_tinystdio_ryu_table.c.o)
                0x0000000040006518                __double_computeInvPow5
 .text.__dtox_engine
                0x000000004000661c      0x128 c:\users\gusta\zephyr-sdk-0.17.0\aarch64-zephyr-elf\bin\../lib/gcc/../../picolibc/aarch64-zephyr-elf/lib/.\libc.a(libc_tinystdio_dtox_engine.c.o)
                0x000000004000661c                __dtox_engine
 .text.fputc    0x0000000040006744       0x50 c:\users\gusta\zephyr-sdk-0.17.0\aarch64-zephyr-elf\bin\../lib/gcc/../../picolibc/aarch64-zephyr-elf/lib/.\libc.a(libc_tinystdio_fputc.c.o)
                0x0000000040006744                putc
                0x0000000040006744                fputc
                0x0000000040006744                putc_unlocked
 *(SORT_BY_ALIGNMENT(.gnu.linkonce.t.*))
                0x0000000040007000                . = ALIGN (_region_min_align)
 *fill*         0x0000000040006794      0x86c 
                0x0000000040007000                __text_region_end = .
                0x0000000000007000                __text_region_size = (__text_region_end - __text_region_start)

.ARM.exidx      0x0000000040007000        0x0
                0x0000000040007000                __exidx_start = .
 *(SORT_BY_ALIGNMENT(.ARM.exidx*) SORT_BY_ALIGNMENT(gnu.linkonce.armexidx.*))
                0x0000000040007000                __exidx_end = .
                0x0000000040007000                . = ALIGN (_region_min_align)
                0x0000000040007000                __rodata_region_start = .

initlevel       0x0000000040007000       0x50
                0x0000000040007000                __init_start = .
                0x0000000040007000                __init_EARLY_start = .
 *(SORT_BY_NAME(SORT_BY_ALIGNMENT(.z_init_EARLY_P_?_*)))
 *(SORT_BY_NAME(SORT_BY_ALIGNMENT(.z_init_EARLY_P_??_*)))
 *(SORT_BY_NAME(SORT_BY_ALIGNMENT(.z_init_EARLY_P_???_*)))
                0x0000000040007000                __init_PRE_KERNEL_1_start = .
 *(SORT_BY_NAME(SORT_BY_ALIGNMENT(.z_init_PRE_KERNEL_1_P_?_*)))
 *(SORT_BY_NAME(SORT_BY_ALIGNMENT(.z_init_PRE_KERNEL_1_P_??_*)))
 .z_init_PRE_KERNEL_1_P_40_SUB_00005_
                0x0000000040007000       0x10 zephyr/drivers/interrupt_controller/libdrivers__interrupt_controller.a(intc_gicv3.c.obj)
 .z_init_PRE_KERNEL_1_P_50_SUB_00013_
                0x0000000040007010       0x10 zephyr/drivers/serial/libdrivers__serial.a(uart_pl011.c.obj)
 .z_init_PRE_KERNEL_1_P_60_SUB_0_
                0x0000000040007020       0x10 zephyr/drivers/console/libdrivers__console.a(uart_console.c.obj)
 *(SORT_BY_NAME(SORT_BY_ALIGNMENT(.z_init_PRE_KERNEL_1_P_???_*)))
                0x0000000040007030                __init_PRE_KERNEL_2_start = .
 *(SORT_BY_NAME(SORT_BY_ALIGNMENT(.z_init_PRE_KERNEL_2_P_?_*)))
 .z_init_PRE_KERNEL_2_P_0_SUB_0_
                0x0000000040007030       0x10 zephyr/drivers/timer/libdrivers__timer.a(arm_arch_timer.c.obj)
 *(SORT_BY_NAME(SORT_BY_ALIGNMENT(.z_init_PRE_KERNEL_2_P_??_*)))
 *(SORT_BY_NAME(SORT_BY_ALIGNMENT(.z_init_PRE_KERNEL_2_P_???_*)))
                0x0000000040007040                __init_POST_KERNEL_start = .
 *(SORT_BY_NAME(SORT_BY_ALIGNMENT(.z_init_POST_KERNEL_P_?_*)))
 *(SORT_BY_NAME(SORT_BY_ALIGNMENT(.z_init_POST_KERNEL_P_??_*)))
 .z_init_POST_KERNEL_P_35_SUB_0_
                0x0000000040007040       0x10 zephyr/lib/libc/common/liblib__libc__common.a(malloc.c.obj)
 *(SORT_BY_NAME(SORT_BY_ALIGNMENT(.z_init_POST_KERNEL_P_???_*)))
                0x0000000040007050                __init_APPLICATION_start = .
 *(SORT_BY_NAME(SORT_BY_ALIGNMENT(.z_init_APPLICATION_P_?_*)))
 *(SORT_BY_NAME(SORT_BY_ALIGNMENT(.z_init_APPLICATION_P_??_*)))
 *(SORT_BY_NAME(SORT_BY_ALIGNMENT(.z_init_APPLICATION_P_???_*)))
                0x0000000040007050                __init_SMP_start = .
 *(SORT_BY_NAME(SORT_BY_ALIGNMENT(.z_init_SMP_P_?_*)))
 *(SORT_BY_NAME(SORT_BY_ALIGNMENT(.z_init_SMP_P_??_*)))
 *(SORT_BY_NAME(SORT_BY_ALIGNMENT(.z_init_SMP_P_???_*)))
                0x0000000040007050                __init_end = .

device_area     0x0000000040007050       0x80
                0x0000000040007050                _device_list_start = .
 *(SORT_BY_NAME(SORT_BY_ALIGNMENT(._device.static.*_?_*)))
 *(SORT_BY_NAME(SORT_BY_ALIGNMENT(._device.static.*_??_*)))
 ._device.static.1_40_
                0x0000000040007050       0x40 zephyr/drivers/interrupt_controller/libdrivers__interrupt_controller.a(intc_gicv3.c.obj)
                0x0000000040007050                __device_dts_ord_5
 ._device.static.1_50_
                0x0000000040007090       0x40 zephyr/drivers/serial/libdrivers__serial.a(uart_pl011.c.obj)
                0x0000000040007090                __device_dts_ord_13
 *(SORT_BY_NAME(SORT_BY_ALIGNMENT(._device.static.*_???_*)))
 *(SORT_BY_NAME(SORT_BY_ALIGNMENT(._device.static.*_????_*)))
 *(SORT_BY_NAME(SORT_BY_ALIGNMENT(._device.static.*_?????_*)))
                0x00000000400070d0                _device_list_end = .

sw_isr_table    0x00000000400070d0      0xdc0
                0x00000000400070d0                . = ALIGN (0x4)
 *(SORT_BY_ALIGNMENT(.gnu.linkonce.sw_isr_table*))
 .gnu.linkonce.sw_isr_table
                0x00000000400070d0      0xdc0 zephyr/CMakeFiles/zephyr_final.dir/isr_tables.c.obj
                0x00000000400070d0                _sw_isr_table

initlevel_error
                0x0000000040007000        0x0
 *(SORT_BY_NAME(SORT_BY_ALIGNMENT(.z_init_*)))
                0x0000000000000001                ASSERT ((SIZEOF (initlevel_error) == 0x0), Undefined initialization levels used.)

app_shmem_regions
                0x0000000040007e90        0x0
                0x0000000040007e90                __app_shmem_regions_start = .
 *(SORT_BY_NAME(SORT_BY_ALIGNMENT(.app_regions.*)))
                0x0000000040007e90                __app_shmem_regions_end = .

k_p4wq_initparam_area
                0x0000000040007e90        0x0
                0x0000000040007e90                _k_p4wq_initparam_list_start = .
 *(SORT_BY_NAME(SORT_BY_ALIGNMENT(._k_p4wq_initparam.static.*)))
                0x0000000040007e90                _k_p4wq_initparam_list_end = .

_static_thread_data_area
                0x0000000040007e90        0x0
                0x0000000040007e90                __static_thread_data_list_start = .
 *(SORT_BY_NAME(SORT_BY_ALIGNMENT(.__static_thread_data.static.*)))
                0x0000000040007e90                __static_thread_data_list_end = .

device_deps     0x0000000040007e90        0x0
                0x0000000040007e90                __device_deps_start = .
 *(SORT_BY_NAME(SORT_BY_ALIGNMENT(.__device_deps_pass2*)))
                0x0000000040007e90                __device_deps_end = .

shared_irq_driver_api_area
                0x0000000040007e90        0x0
                0x0000000040007e90                _shared_irq_driver_api_list_start = .
 *(SORT_BY_NAME(SORT_BY_ALIGNMENT(._shared_irq_driver_api.static.*)))
                0x0000000040007e90                _shared_irq_driver_api_list_end = .

crypto_driver_api_area
                0x0000000040007e90        0x0
                0x0000000040007e90                _crypto_driver_api_list_start = .
 *(SORT_BY_NAME(SORT_BY_ALIGNMENT(._crypto_driver_api.static.*)))
                0x0000000040007e90                _crypto_driver_api_list_end = .

adc_driver_api_area
                0x0000000040007e90        0x0
                0x0000000040007e90                _adc_driver_api_list_start = .
 *(SORT_BY_NAME(SORT_BY_ALIGNMENT(._adc_driver_api.static.*)))
                0x0000000040007e90                _adc_driver_api_list_end = .

auxdisplay_driver_api_area
                0x0000000040007e90        0x0
                0x0000000040007e90                _auxdisplay_driver_api_list_start = .
 *(SORT_BY_NAME(SORT_BY_ALIGNMENT(._auxdisplay_driver_api.static.*)))
                0x0000000040007e90                _auxdisplay_driver_api_list_end = .

bbram_driver_api_area
                0x0000000040007e90        0x0
                0x0000000040007e90                _bbram_driver_api_list_start = .
 *(SORT_BY_NAME(SORT_BY_ALIGNMENT(._bbram_driver_api.static.*)))
                0x0000000040007e90                _bbram_driver_api_list_end = .

bt_hci_driver_api_area
                0x0000000040007e90        0x0
                0x0000000040007e90                _bt_hci_driver_api_list_start = .
 *(SORT_BY_NAME(SORT_BY_ALIGNMENT(._bt_hci_driver_api.static.*)))
                0x0000000040007e90                _bt_hci_driver_api_list_end = .

can_driver_api_area
                0x0000000040007e90        0x0
                0x0000000040007e90                _can_driver_api_list_start = .
 *(SORT_BY_NAME(SORT_BY_ALIGNMENT(._can_driver_api.static.*)))
                0x0000000040007e90                _can_driver_api_list_end = .

cellular_driver_api_area
                0x0000000040007e90        0x0
                0x0000000040007e90                _cellular_driver_api_list_start = .
 *(SORT_BY_NAME(SORT_BY_ALIGNMENT(._cellular_driver_api.static.*)))
                0x0000000040007e90                _cellular_driver_api_list_end = .

charger_driver_api_area
                0x0000000040007e90        0x0
                0x0000000040007e90                _charger_driver_api_list_start = .
 *(SORT_BY_NAME(SORT_BY_ALIGNMENT(._charger_driver_api.static.*)))
                0x0000000040007e90                _charger_driver_api_list_end = .

clock_control_driver_api_area
                0x0000000040007e90        0x0
                0x0000000040007e90                _clock_control_driver_api_list_start = .
 *(SORT_BY_NAME(SORT_BY_ALIGNMENT(._clock_control_driver_api.static.*)))
                0x0000000040007e90                _clock_control_driver_api_list_end = .

comparator_driver_api_area
                0x0000000040007e90        0x0
                0x0000000040007e90                _comparator_driver_api_list_start = .
 *(SORT_BY_NAME(SORT_BY_ALIGNMENT(._comparator_driver_api.static.*)))
                0x0000000040007e90                _comparator_driver_api_list_end = .

coredump_driver_api_area
                0x0000000040007e90        0x0
                0x0000000040007e90                _coredump_driver_api_list_start = .
 *(SORT_BY_NAME(SORT_BY_ALIGNMENT(._coredump_driver_api.static.*)))
                0x0000000040007e90                _coredump_driver_api_list_end = .

counter_driver_api_area
                0x0000000040007e90        0x0
                0x0000000040007e90                _counter_driver_api_list_start = .
 *(SORT_BY_NAME(SORT_BY_ALIGNMENT(._counter_driver_api.static.*)))
                0x0000000040007e90                _counter_driver_api_list_end = .

dac_driver_api_area
                0x0000000040007e90        0x0
                0x0000000040007e90                _dac_driver_api_list_start = .
 *(SORT_BY_NAME(SORT_BY_ALIGNMENT(._dac_driver_api.static.*)))
                0x0000000040007e90                _dac_driver_api_list_end = .

dai_driver_api_area
                0x0000000040007e90        0x0
                0x0000000040007e90                _dai_driver_api_list_start = .
 *(SORT_BY_NAME(SORT_BY_ALIGNMENT(._dai_driver_api.static.*)))
                0x0000000040007e90                _dai_driver_api_list_end = .

display_driver_api_area
                0x0000000040007e90        0x0
                0x0000000040007e90                _display_driver_api_list_start = .
 *(SORT_BY_NAME(SORT_BY_ALIGNMENT(._display_driver_api.static.*)))
                0x0000000040007e90                _display_driver_api_list_end = .

dma_driver_api_area
                0x0000000040007e90        0x0
                0x0000000040007e90                _dma_driver_api_list_start = .
 *(SORT_BY_NAME(SORT_BY_ALIGNMENT(._dma_driver_api.static.*)))
                0x0000000040007e90                _dma_driver_api_list_end = .

edac_driver_api_area
                0x0000000040007e90        0x0
                0x0000000040007e90                _edac_driver_api_list_start = .
 *(SORT_BY_NAME(SORT_BY_ALIGNMENT(._edac_driver_api.static.*)))
                0x0000000040007e90                _edac_driver_api_list_end = .

eeprom_driver_api_area
                0x0000000040007e90        0x0
                0x0000000040007e90                _eeprom_driver_api_list_start = .
 *(SORT_BY_NAME(SORT_BY_ALIGNMENT(._eeprom_driver_api.static.*)))
                0x0000000040007e90                _eeprom_driver_api_list_end = .

emul_bbram_driver_api_area
                0x0000000040007e90        0x0
                0x0000000040007e90                _emul_bbram_driver_api_list_start = .
 *(SORT_BY_NAME(SORT_BY_ALIGNMENT(._emul_bbram_driver_api.static.*)))
                0x0000000040007e90                _emul_bbram_driver_api_list_end = .

fuel_gauge_emul_driver_api_area
                0x0000000040007e90        0x0
                0x0000000040007e90                _fuel_gauge_emul_driver_api_list_start = .
 *(SORT_BY_NAME(SORT_BY_ALIGNMENT(._fuel_gauge_emul_driver_api.static.*)))
                0x0000000040007e90                _fuel_gauge_emul_driver_api_list_end = .

emul_sensor_driver_api_area
                0x0000000040007e90        0x0
                0x0000000040007e90                _emul_sensor_driver_api_list_start = .
 *(SORT_BY_NAME(SORT_BY_ALIGNMENT(._emul_sensor_driver_api.static.*)))
                0x0000000040007e90                _emul_sensor_driver_api_list_end = .

entropy_driver_api_area
                0x0000000040007e90        0x0
                0x0000000040007e90                _entropy_driver_api_list_start = .
 *(SORT_BY_NAME(SORT_BY_ALIGNMENT(._entropy_driver_api.static.*)))
                0x0000000040007e90                _entropy_driver_api_list_end = .

espi_driver_api_area
                0x0000000040007e90        0x0
                0x0000000040007e90                _espi_driver_api_list_start = .
 *(SORT_BY_NAME(SORT_BY_ALIGNMENT(._espi_driver_api.static.*)))
                0x0000000040007e90                _espi_driver_api_list_end = .

espi_saf_driver_api_area
                0x0000000040007e90        0x0
                0x0000000040007e90                _espi_saf_driver_api_list_start = .
 *(SORT_BY_NAME(SORT_BY_ALIGNMENT(._espi_saf_driver_api.static.*)))
                0x0000000040007e90                _espi_saf_driver_api_list_end = .

flash_driver_api_area
                0x0000000040007e90        0x0
                0x0000000040007e90                _flash_driver_api_list_start = .
 *(SORT_BY_NAME(SORT_BY_ALIGNMENT(._flash_driver_api.static.*)))
                0x0000000040007e90                _flash_driver_api_list_end = .

fpga_driver_api_area
                0x0000000040007e90        0x0
                0x0000000040007e90                _fpga_driver_api_list_start = .
 *(SORT_BY_NAME(SORT_BY_ALIGNMENT(._fpga_driver_api.static.*)))
                0x0000000040007e90                _fpga_driver_api_list_end = .

fuel_gauge_driver_api_area
                0x0000000040007e90        0x0
                0x0000000040007e90                _fuel_gauge_driver_api_list_start = .
 *(SORT_BY_NAME(SORT_BY_ALIGNMENT(._fuel_gauge_driver_api.static.*)))
                0x0000000040007e90                _fuel_gauge_driver_api_list_end = .

gnss_driver_api_area
                0x0000000040007e90        0x0
                0x0000000040007e90                _gnss_driver_api_list_start = .
 *(SORT_BY_NAME(SORT_BY_ALIGNMENT(._gnss_driver_api.static.*)))
                0x0000000040007e90                _gnss_driver_api_list_end = .

gpio_driver_api_area
                0x0000000040007e90        0x0
                0x0000000040007e90                _gpio_driver_api_list_start = .
 *(SORT_BY_NAME(SORT_BY_ALIGNMENT(._gpio_driver_api.static.*)))
                0x0000000040007e90                _gpio_driver_api_list_end = .

haptics_driver_api_area
                0x0000000040007e90        0x0
                0x0000000040007e90                _haptics_driver_api_list_start = .
 *(SORT_BY_NAME(SORT_BY_ALIGNMENT(._haptics_driver_api.static.*)))
                0x0000000040007e90                _haptics_driver_api_list_end = .

hwspinlock_driver_api_area
                0x0000000040007e90        0x0
                0x0000000040007e90                _hwspinlock_driver_api_list_start = .
 *(SORT_BY_NAME(SORT_BY_ALIGNMENT(._hwspinlock_driver_api.static.*)))
                0x0000000040007e90                _hwspinlock_driver_api_list_end = .

i2c_driver_api_area
                0x0000000040007e90        0x0
                0x0000000040007e90                _i2c_driver_api_list_start = .
 *(SORT_BY_NAME(SORT_BY_ALIGNMENT(._i2c_driver_api.static.*)))
                0x0000000040007e90                _i2c_driver_api_list_end = .

i2c_target_driver_api_area
                0x0000000040007e90        0x0
                0x0000000040007e90                _i2c_target_driver_api_list_start = .
 *(SORT_BY_NAME(SORT_BY_ALIGNMENT(._i2c_target_driver_api.static.*)))
                0x0000000040007e90                _i2c_target_driver_api_list_end = .

i2s_driver_api_area
                0x0000000040007e90        0x0
                0x0000000040007e90                _i2s_driver_api_list_start = .
 *(SORT_BY_NAME(SORT_BY_ALIGNMENT(._i2s_driver_api.static.*)))
                0x0000000040007e90                _i2s_driver_api_list_end = .

i3c_driver_api_area
                0x0000000040007e90        0x0
                0x0000000040007e90                _i3c_driver_api_list_start = .
 *(SORT_BY_NAME(SORT_BY_ALIGNMENT(._i3c_driver_api.static.*)))
                0x0000000040007e90                _i3c_driver_api_list_end = .

ipm_driver_api_area
                0x0000000040007e90        0x0
                0x0000000040007e90                _ipm_driver_api_list_start = .
 *(SORT_BY_NAME(SORT_BY_ALIGNMENT(._ipm_driver_api.static.*)))
                0x0000000040007e90                _ipm_driver_api_list_end = .

led_driver_api_area
                0x0000000040007e90        0x0
                0x0000000040007e90                _led_driver_api_list_start = .
 *(SORT_BY_NAME(SORT_BY_ALIGNMENT(._led_driver_api.static.*)))
                0x0000000040007e90                _led_driver_api_list_end = .

led_strip_driver_api_area
                0x0000000040007e90        0x0
                0x0000000040007e90                _led_strip_driver_api_list_start = .
 *(SORT_BY_NAME(SORT_BY_ALIGNMENT(._led_strip_driver_api.static.*)))
                0x0000000040007e90                _led_strip_driver_api_list_end = .

lora_driver_api_area
                0x0000000040007e90        0x0
                0x0000000040007e90                _lora_driver_api_list_start = .
 *(SORT_BY_NAME(SORT_BY_ALIGNMENT(._lora_driver_api.static.*)))
                0x0000000040007e90                _lora_driver_api_list_end = .

mbox_driver_api_area
                0x0000000040007e90        0x0
                0x0000000040007e90                _mbox_driver_api_list_start = .
 *(SORT_BY_NAME(SORT_BY_ALIGNMENT(._mbox_driver_api.static.*)))
                0x0000000040007e90                _mbox_driver_api_list_end = .

mdio_driver_api_area
                0x0000000040007e90        0x0
                0x0000000040007e90                _mdio_driver_api_list_start = .
 *(SORT_BY_NAME(SORT_BY_ALIGNMENT(._mdio_driver_api.static.*)))
                0x0000000040007e90                _mdio_driver_api_list_end = .

mipi_dbi_driver_api_area
                0x0000000040007e90        0x0
                0x0000000040007e90                _mipi_dbi_driver_api_list_start = .
 *(SORT_BY_NAME(SORT_BY_ALIGNMENT(._mipi_dbi_driver_api.static.*)))
                0x0000000040007e90                _mipi_dbi_driver_api_list_end = .

mipi_dsi_driver_api_area
                0x0000000040007e90        0x0
                0x0000000040007e90                _mipi_dsi_driver_api_list_start = .
 *(SORT_BY_NAME(SORT_BY_ALIGNMENT(._mipi_dsi_driver_api.static.*)))
                0x0000000040007e90                _mipi_dsi_driver_api_list_end = .

mspi_driver_api_area
                0x0000000040007e90        0x0
                0x0000000040007e90                _mspi_driver_api_list_start = .
 *(SORT_BY_NAME(SORT_BY_ALIGNMENT(._mspi_driver_api.static.*)))
                0x0000000040007e90                _mspi_driver_api_list_end = .

peci_driver_api_area
                0x0000000040007e90        0x0
                0x0000000040007e90                _peci_driver_api_list_start = .
 *(SORT_BY_NAME(SORT_BY_ALIGNMENT(._peci_driver_api.static.*)))
                0x0000000040007e90                _peci_driver_api_list_end = .

ps2_driver_api_area
                0x0000000040007e90        0x0
                0x0000000040007e90                _ps2_driver_api_list_start = .
 *(SORT_BY_NAME(SORT_BY_ALIGNMENT(._ps2_driver_api.static.*)))
                0x0000000040007e90                _ps2_driver_api_list_end = .

ptp_clock_driver_api_area
                0x0000000040007e90        0x0
                0x0000000040007e90                _ptp_clock_driver_api_list_start = .
 *(SORT_BY_NAME(SORT_BY_ALIGNMENT(._ptp_clock_driver_api.static.*)))
                0x0000000040007e90                _ptp_clock_driver_api_list_end = .

pwm_driver_api_area
                0x0000000040007e90        0x0
                0x0000000040007e90                _pwm_driver_api_list_start = .
 *(SORT_BY_NAME(SORT_BY_ALIGNMENT(._pwm_driver_api.static.*)))
                0x0000000040007e90                _pwm_driver_api_list_end = .

regulator_parent_driver_api_area
                0x0000000040007e90        0x0
                0x0000000040007e90                _regulator_parent_driver_api_list_start = .
 *(SORT_BY_NAME(SORT_BY_ALIGNMENT(._regulator_parent_driver_api.static.*)))
                0x0000000040007e90                _regulator_parent_driver_api_list_end = .

regulator_driver_api_area
                0x0000000040007e90        0x0
                0x0000000040007e90                _regulator_driver_api_list_start = .
 *(SORT_BY_NAME(SORT_BY_ALIGNMENT(._regulator_driver_api.static.*)))
                0x0000000040007e90                _regulator_driver_api_list_end = .

reset_driver_api_area
                0x0000000040007e90        0x0
                0x0000000040007e90                _reset_driver_api_list_start = .
 *(SORT_BY_NAME(SORT_BY_ALIGNMENT(._reset_driver_api.static.*)))
                0x0000000040007e90                _reset_driver_api_list_end = .

retained_mem_driver_api_area
                0x0000000040007e90        0x0
                0x0000000040007e90                _retained_mem_driver_api_list_start = .
 *(SORT_BY_NAME(SORT_BY_ALIGNMENT(._retained_mem_driver_api.static.*)))
                0x0000000040007e90                _retained_mem_driver_api_list_end = .

rtc_driver_api_area
                0x0000000040007e90        0x0
                0x0000000040007e90                _rtc_driver_api_list_start = .
 *(SORT_BY_NAME(SORT_BY_ALIGNMENT(._rtc_driver_api.static.*)))
                0x0000000040007e90                _rtc_driver_api_list_end = .

sdhc_driver_api_area
                0x0000000040007e90        0x0
                0x0000000040007e90                _sdhc_driver_api_list_start = .
 *(SORT_BY_NAME(SORT_BY_ALIGNMENT(._sdhc_driver_api.static.*)))
                0x0000000040007e90                _sdhc_driver_api_list_end = .

sensor_driver_api_area
                0x0000000040007e90        0x0
                0x0000000040007e90                _sensor_driver_api_list_start = .
 *(SORT_BY_NAME(SORT_BY_ALIGNMENT(._sensor_driver_api.static.*)))
                0x0000000040007e90                _sensor_driver_api_list_end = .

smbus_driver_api_area
                0x0000000040007e90        0x0
                0x0000000040007e90                _smbus_driver_api_list_start = .
 *(SORT_BY_NAME(SORT_BY_ALIGNMENT(._smbus_driver_api.static.*)))
                0x0000000040007e90                _smbus_driver_api_list_end = .

spi_driver_api_area
                0x0000000040007e90        0x0
                0x0000000040007e90                _spi_driver_api_list_start = .
 *(SORT_BY_NAME(SORT_BY_ALIGNMENT(._spi_driver_api.static.*)))
                0x0000000040007e90                _spi_driver_api_list_end = .

stepper_driver_api_area
                0x0000000040007e90        0x0
                0x0000000040007e90                _stepper_driver_api_list_start = .
 *(SORT_BY_NAME(SORT_BY_ALIGNMENT(._stepper_driver_api.static.*)))
                0x0000000040007e90                _stepper_driver_api_list_end = .

syscon_driver_api_area
                0x0000000040007e90        0x0
                0x0000000040007e90                _syscon_driver_api_list_start = .
 *(SORT_BY_NAME(SORT_BY_ALIGNMENT(._syscon_driver_api.static.*)))
                0x0000000040007e90                _syscon_driver_api_list_end = .

tee_driver_api_area
                0x0000000040007e90        0x0
                0x0000000040007e90                _tee_driver_api_list_start = .
 *(SORT_BY_NAME(SORT_BY_ALIGNMENT(._tee_driver_api.static.*)))
                0x0000000040007e90                _tee_driver_api_list_end = .

video_driver_api_area
                0x0000000040007e90        0x0
                0x0000000040007e90                _video_driver_api_list_start = .
 *(SORT_BY_NAME(SORT_BY_ALIGNMENT(._video_driver_api.static.*)))
                0x0000000040007e90                _video_driver_api_list_end = .

w1_driver_api_area
                0x0000000040007e90        0x0
                0x0000000040007e90                _w1_driver_api_list_start = .
 *(SORT_BY_NAME(SORT_BY_ALIGNMENT(._w1_driver_api.static.*)))
                0x0000000040007e90                _w1_driver_api_list_end = .

wdt_driver_api_area
                0x0000000040007e90        0x0
                0x0000000040007e90                _wdt_driver_api_list_start = .
 *(SORT_BY_NAME(SORT_BY_ALIGNMENT(._wdt_driver_api.static.*)))
                0x0000000040007e90                _wdt_driver_api_list_end = .

can_transceiver_driver_api_area
                0x0000000040007e90        0x0
                0x0000000040007e90                _can_transceiver_driver_api_list_start = .
 *(SORT_BY_NAME(SORT_BY_ALIGNMENT(._can_transceiver_driver_api.static.*)))
                0x0000000040007e90                _can_transceiver_driver_api_list_end = .

nrf_clock_control_driver_api_area
                0x0000000040007e90        0x0
                0x0000000040007e90                _nrf_clock_control_driver_api_list_start = .
 *(SORT_BY_NAME(SORT_BY_ALIGNMENT(._nrf_clock_control_driver_api.static.*)))
                0x0000000040007e90                _nrf_clock_control_driver_api_list_end = .

i3c_target_driver_api_area
                0x0000000040007e90        0x0
                0x0000000040007e90                _i3c_target_driver_api_list_start = .
 *(SORT_BY_NAME(SORT_BY_ALIGNMENT(._i3c_target_driver_api.static.*)))
                0x0000000040007e90                _i3c_target_driver_api_list_end = .

its_driver_api_area
                0x0000000040007e90        0x0
                0x0000000040007e90                _its_driver_api_list_start = .
 *(SORT_BY_NAME(SORT_BY_ALIGNMENT(._its_driver_api.static.*)))
                0x0000000040007e90                _its_driver_api_list_end = .

vtd_driver_api_area
                0x0000000040007e90        0x0
                0x0000000040007e90                _vtd_driver_api_list_start = .
 *(SORT_BY_NAME(SORT_BY_ALIGNMENT(._vtd_driver_api.static.*)))
                0x0000000040007e90                _vtd_driver_api_list_end = .

tgpio_driver_api_area
                0x0000000040007e90        0x0
                0x0000000040007e90                _tgpio_driver_api_list_start = .
 *(SORT_BY_NAME(SORT_BY_ALIGNMENT(._tgpio_driver_api.static.*)))
                0x0000000040007e90                _tgpio_driver_api_list_end = .

pcie_ctrl_driver_api_area
                0x0000000040007e90        0x0
                0x0000000040007e90                _pcie_ctrl_driver_api_list_start = .
 *(SORT_BY_NAME(SORT_BY_ALIGNMENT(._pcie_ctrl_driver_api.static.*)))
                0x0000000040007e90                _pcie_ctrl_driver_api_list_end = .

pcie_ep_driver_api_area
                0x0000000040007e90        0x0
                0x0000000040007e90                _pcie_ep_driver_api_list_start = .
 *(SORT_BY_NAME(SORT_BY_ALIGNMENT(._pcie_ep_driver_api.static.*)))
                0x0000000040007e90                _pcie_ep_driver_api_list_end = .

svc_driver_api_area
                0x0000000040007e90        0x0
                0x0000000040007e90                _svc_driver_api_list_start = .
 *(SORT_BY_NAME(SORT_BY_ALIGNMENT(._svc_driver_api.static.*)))
                0x0000000040007e90                _svc_driver_api_list_end = .

uart_driver_api_area
                0x0000000040007e90       0x98
                0x0000000040007e90                _uart_driver_api_list_start = .
 *(SORT_BY_NAME(SORT_BY_ALIGNMENT(._uart_driver_api.static.*)))
 ._uart_driver_api.static.pl011_driver_api_
                0x0000000040007e90       0x98 zephyr/drivers/serial/libdrivers__serial.a(uart_pl011.c.obj)
                0x0000000040007f28                _uart_driver_api_list_end = .

bc12_emul_driver_api_area
                0x0000000040007f28        0x0
                0x0000000040007f28                _bc12_emul_driver_api_list_start = .
 *(SORT_BY_NAME(SORT_BY_ALIGNMENT(._bc12_emul_driver_api.static.*)))
                0x0000000040007f28                _bc12_emul_driver_api_list_end = .

bc12_driver_api_area
                0x0000000040007f28        0x0
                0x0000000040007f28                _bc12_driver_api_list_start = .
 *(SORT_BY_NAME(SORT_BY_ALIGNMENT(._bc12_driver_api.static.*)))
                0x0000000040007f28                _bc12_driver_api_list_end = .

usbc_ppc_driver_api_area
                0x0000000040007f28        0x0
                0x0000000040007f28                _usbc_ppc_driver_api_list_start = .
 *(SORT_BY_NAME(SORT_BY_ALIGNMENT(._usbc_ppc_driver_api.static.*)))
                0x0000000040007f28                _usbc_ppc_driver_api_list_end = .

tcpc_driver_api_area
                0x0000000040007f28        0x0
                0x0000000040007f28                _tcpc_driver_api_list_start = .
 *(SORT_BY_NAME(SORT_BY_ALIGNMENT(._tcpc_driver_api.static.*)))
                0x0000000040007f28                _tcpc_driver_api_list_end = .

usbc_vbus_driver_api_area
                0x0000000040007f28        0x0
                0x0000000040007f28                _usbc_vbus_driver_api_list_start = .
 *(SORT_BY_NAME(SORT_BY_ALIGNMENT(._usbc_vbus_driver_api.static.*)))
                0x0000000040007f28                _usbc_vbus_driver_api_list_end = .

ivshmem_driver_api_area
                0x0000000040007f28        0x0
                0x0000000040007f28                _ivshmem_driver_api_list_start = .
 *(SORT_BY_NAME(SORT_BY_ALIGNMENT(._ivshmem_driver_api.static.*)))
                0x0000000040007f28                _ivshmem_driver_api_list_end = .

ethphy_driver_api_area
                0x0000000040007f28        0x0
                0x0000000040007f28                _ethphy_driver_api_list_start = .
 *(SORT_BY_NAME(SORT_BY_ALIGNMENT(._ethphy_driver_api.static.*)))
                0x0000000040007f28                _ethphy_driver_api_list_end = .

ztest           0x0000000040007f28        0x0
                0x0000000040007f28                _ztest_expected_result_entry_list_start = .
 *(SORT_BY_NAME(SORT_BY_ALIGNMENT(._ztest_expected_result_entry.static.*)))
                0x0000000040007f28                _ztest_expected_result_entry_list_end = .
                0x0000000040007f28                _ztest_suite_node_list_start = .
 *(SORT_BY_NAME(SORT_BY_ALIGNMENT(._ztest_suite_node.static.*)))
                0x0000000040007f28                _ztest_suite_node_list_end = .
                0x0000000040007f28                _ztest_unit_test_list_start = .
 *(SORT_BY_NAME(SORT_BY_ALIGNMENT(._ztest_unit_test.static.*)))
                0x0000000040007f28                _ztest_unit_test_list_end = .
                0x0000000040007f28                _ztest_test_rule_list_start = .
 *(SORT_BY_NAME(SORT_BY_ALIGNMENT(._ztest_test_rule.static.*)))
                0x0000000040007f28                _ztest_test_rule_list_end = .

init_array      0x0000000040007f28        0x0
 *(SORT_BY_NAME(SORT_BY_ALIGNMENT(.ctors*)))
 *(SORT_BY_NAME(SORT_BY_ALIGNMENT(.init_array*)))
                0x0000000000000001                ASSERT ((SIZEOF (init_array) == 0x0), GNU-style constructors required but STATIC_INIT_GNU not enabled)

bt_l2cap_fixed_chan_area
                0x0000000040007f28        0x0
                0x0000000040007f28                _bt_l2cap_fixed_chan_list_start = .
 *(SORT_BY_NAME(SORT_BY_ALIGNMENT(._bt_l2cap_fixed_chan.static.*)))
                0x0000000040007f28                _bt_l2cap_fixed_chan_list_end = .

bt_gatt_service_static_area
                0x0000000040007f28        0x0
                0x0000000040007f28                _bt_gatt_service_static_list_start = .
 *(SORT_BY_NAME(SORT_BY_ALIGNMENT(._bt_gatt_service_static.static.*)))
                0x0000000040007f28                _bt_gatt_service_static_list_end = .

log_strings_area
                0x0000000040007f28        0x0
                0x0000000040007f28                _log_strings_list_start = .
 *(SORT_BY_NAME(SORT_BY_ALIGNMENT(._log_strings.static.*)))
                0x0000000040007f28                _log_strings_list_end = .

log_stmesp_ptr_area
                0x0000000040007f28        0x0
                0x0000000040007f28                _log_stmesp_ptr_list_start = .
 *(SORT_BY_NAME(SORT_BY_ALIGNMENT(._log_stmesp_ptr.static.*)))
                0x0000000040007f28                _log_stmesp_ptr_list_end = .

log_stmesp_str_area
                0x0000000040007f28        0x0
                0x0000000040007f28                _log_stmesp_str_list_start = .
 *(SORT_BY_NAME(SORT_BY_ALIGNMENT(._log_stmesp_str.static.*)))
                0x0000000040007f28                _log_stmesp_str_list_end = .

log_const_area  0x0000000040007f28        0x0
                0x0000000040007f28                _log_const_list_start = .
 *(SORT_BY_NAME(SORT_BY_ALIGNMENT(._log_const.static.*)))
                0x0000000040007f28                _log_const_list_end = .

log_backend_area
                0x0000000040007f28        0x0
                0x0000000040007f28                _log_backend_list_start = .
 *(SORT_BY_NAME(SORT_BY_ALIGNMENT(._log_backend.static.*)))
                0x0000000040007f28                _log_backend_list_end = .

log_link_area   0x0000000040007f28        0x0
                0x0000000040007f28                _log_link_list_start = .
 *(SORT_BY_NAME(SORT_BY_ALIGNMENT(._log_link.static.*)))
                0x0000000040007f28                _log_link_list_end = .

tracing_backend_area
                0x0000000040007f28        0x0
                0x0000000040007f28                _tracing_backend_list_start = .
 *(SORT_BY_NAME(SORT_BY_ALIGNMENT(._tracing_backend.static.*)))
                0x0000000040007f28                _tracing_backend_list_end = .

zephyr_dbg_info
 *(SORT_BY_ALIGNMENT(.dbg_thread_info))

intc_table_area
                0x0000000040007f28        0x0
                0x0000000040007f28                _intc_table_list_start = .
 *(SORT_BY_NAME(SORT_BY_ALIGNMENT(._intc_table.static.*)))
                0x0000000040007f28                _intc_table_list_end = .

symbol_to_keep  0x0000000040007f28        0x0
                0x0000000040007f28                __symbol_to_keep_start = .
 *(SORT_BY_NAME(SORT_BY_ALIGNMENT(.symbol_to_keep*)))
                0x0000000040007f28                __symbol_to_keep_end = .

shell_area      0x0000000040007f28        0x0
                0x0000000040007f28                _shell_list_start = .
 *(SORT_BY_NAME(SORT_BY_ALIGNMENT(._shell.static.*)))
                0x0000000040007f28                _shell_list_end = .

shell_root_cmds_area
                0x0000000040007f28        0x0
                0x0000000040007f28                _shell_root_cmds_list_start = .
 *(SORT_BY_NAME(SORT_BY_ALIGNMENT(._shell_root_cmds.static.*)))
                0x0000000040007f28                _shell_root_cmds_list_end = .

shell_subcmds_area
                0x0000000040007f28        0x0
                0x0000000040007f28                _shell_subcmds_list_start = .
 *(SORT_BY_NAME(SORT_BY_ALIGNMENT(._shell_subcmds.static.*)))
                0x0000000040007f28                _shell_subcmds_list_end = .

shell_dynamic_subcmds_area
                0x0000000040007f28        0x0
                0x0000000040007f28                _shell_dynamic_subcmds_list_start = .
 *(SORT_BY_NAME(SORT_BY_ALIGNMENT(._shell_dynamic_subcmds.static.*)))
                0x0000000040007f28                _shell_dynamic_subcmds_list_end = .

cfb_font_area   0x0000000040007f28        0x0
                0x0000000040007f28                _cfb_font_list_start = .
 *(SORT_BY_NAME(SORT_BY_ALIGNMENT(._cfb_font.static.*)))
                0x0000000040007f28                _cfb_font_list_end = .

tdata           0x0000000040007f28        0x0
 *(SORT_BY_ALIGNMENT(.tdata) SORT_BY_ALIGNMENT(.tdata.*) SORT_BY_ALIGNMENT(.gnu.linkonce.td.*))

tbss            0x0000000040007f28        0x8
 *(SORT_BY_ALIGNMENT(.tbss) SORT_BY_ALIGNMENT(.tbss.*) SORT_BY_ALIGNMENT(.gnu.linkonce.tb.*) SORT_BY_ALIGNMENT(.tcommon))
 .tbss.z_tls_current
                0x0000000040007f28        0x8 zephyr/libzephyr.a(thread_entry.c.obj)
                0x0000000040007f28                z_tls_current
                0x0000000040007f28                PROVIDE (__tdata_start = ADDR (tdata))
                0x0000000000000001                PROVIDE (__tdata_align = ALIGNOF (tdata))
                0x0000000000000000                PROVIDE (__tdata_size = (((SIZEOF (tdata) + __tdata_align) - 0x1) & ~ ((__tdata_align - 0x1))))
                [!provide]                        PROVIDE (__tdata_end = (__tdata_start + __tdata_size))
                0x0000000000000008                PROVIDE (__tbss_align = ALIGNOF (tbss))
                [!provide]                        PROVIDE (__tbss_start = ADDR (tbss))
                0x0000000000000008                PROVIDE (__tbss_size = (((SIZEOF (tbss) + __tbss_align) - 0x1) & ~ ((__tbss_align - 0x1))))
                [!provide]                        PROVIDE (__tbss_end = (__tbss_start + __tbss_size))
                [!provide]                        PROVIDE (__tls_start = __tdata_start)
                [!provide]                        PROVIDE (__tls_end = __tbss_end)
                [!provide]                        PROVIDE (__tls_size = (__tbss_end - __tdata_start))

rodata          0x0000000040007f28      0x921
 *(SORT_BY_ALIGNMENT(.rodata))
 .rodata        0x0000000040007f28      0x41a app/libapp.a(main.c.obj)
 *(SORT_BY_ALIGNMENT(.rodata.*))
 *fill*         0x0000000040008342        0x6 
 .rodata.mmu_config
                0x0000000040008348       0x10 zephyr/libzephyr.a(mmu_regions.c.obj)
                0x0000000040008348                mmu_config
 .rodata.mmu_regions
                0x0000000040008358       0x50 zephyr/libzephyr.a(mmu_regions.c.obj)
 .rodata.mmu_zephyr_ranges
                0x00000000400083a8       0x60 zephyr/arch/arch/arm64/core/libarch__arm64__core.a(mmu.c.obj)
 .rodata.stdout
                0x0000000040008408        0x8 zephyr/lib/libc/picolibc/liblib__libc__picolibc.a(stdio.c.obj)
                0x0000000040008408                stderr
                0x0000000040008408                stdout
 .rodata.levels.0
                0x0000000040008410       0x30 zephyr/kernel/libkernel.a(init.c.obj)
 .rodata.DOUBLE_POW5_TABLE
                0x0000000040008440       0xd0 c:\users\gusta\zephyr-sdk-0.17.0\aarch64-zephyr-elf\bin\../lib/gcc/../../picolibc/aarch64-zephyr-elf/lib/.\libc.a(libc_tinystdio_ryu_table.c.o)
 .rodata.DOUBLE_POW5_SPLIT2
                0x0000000040008510       0xd0 c:\users\gusta\zephyr-sdk-0.17.0\aarch64-zephyr-elf\bin\../lib/gcc/../../picolibc/aarch64-zephyr-elf/lib/.\libc.a(libc_tinystdio_ryu_table.c.o)
 .rodata.DOUBLE_POW5_INV_SPLIT2
                0x00000000400085e0       0xf0 c:\users\gusta\zephyr-sdk-0.17.0\aarch64-zephyr-elf\bin\../lib/gcc/../../picolibc/aarch64-zephyr-elf/lib/.\libc.a(libc_tinystdio_ryu_table.c.o)
 .rodata.POW5_OFFSETS
                0x00000000400086d0       0x54 c:\users\gusta\zephyr-sdk-0.17.0\aarch64-zephyr-elf\bin\../lib/gcc/../../picolibc/aarch64-zephyr-elf/lib/.\libc.a(libc_tinystdio_ryu_table.c.o)
 .rodata.POW5_INV_OFFSETS
                0x0000000040008724       0x54 c:\users\gusta\zephyr-sdk-0.17.0\aarch64-zephyr-elf\bin\../lib/gcc/../../picolibc/aarch64-zephyr-elf/lib/.\libc.a(libc_tinystdio_ryu_table.c.o)
 .rodata.CSWTCH.76
                0x0000000040008778        0xc zephyr/arch/arch/arm64/core/libarch__arm64__core.a(mmu.c.obj)
 .rodata.main.str1.1
                0x0000000040008784       0x22 app/libapp.a(main.c.obj)
 .rodata.str1.1
                0x00000000400087a6        0x4 zephyr/libzephyr.a(mmu_regions.c.obj)
 .rodata.str1.1
                0x00000000400087aa       0x26 zephyr/arch/arch/arm64/core/libarch__arm64__core.a(mmu.c.obj)
 .rodata.str1.1
                0x00000000400087d0       0x1d zephyr/drivers/interrupt_controller/libdrivers__interrupt_controller.a(intc_gicv3.c.obj)
 .rodata.str1.1
                0x00000000400087ed        0xd zephyr/drivers/serial/libdrivers__serial.a(uart_pl011.c.obj)
 .rodata.z_cstart.str1.1
                0x00000000400087fa        0x5 zephyr/kernel/libkernel.a(init.c.obj)
 .rodata.boot_banner.str1.1
                0x00000000400087ff       0x3b zephyr/kernel/libkernel.a(banner.c.obj)
 .rodata.vfprintf.str1.1
                0x000000004000883a        0xf c:\users\gusta\zephyr-sdk-0.17.0\aarch64-zephyr-elf\bin\../lib/gcc/../../picolibc/aarch64-zephyr-elf/lib/.\libc.a(libc_tinystdio_vfprintf.c.o)
 *(SORT_BY_ALIGNMENT(.gnu.linkonce.r.*))
 *(SORT_BY_ALIGNMENT(.got))
 *(SORT_BY_ALIGNMENT(.got.plt))
                0x0000000040009000                . = ALIGN (_region_min_align)
                0x0000000040009000                __rodata_region_end = .
                0x0000000000002000                __rodata_region_size = (__rodata_region_end - __rodata_region_start)
                0x0000000040009000                __rom_region_end = .

/DISCARD/
 *(SORT_BY_ALIGNMENT(.igot.plt))
 *(SORT_BY_ALIGNMENT(.igot))
                0x0000000040009000                . = ALIGN (_region_min_align)
                0x0000000040009000                _image_ram_start = .
                0x0000000040009000                __kernel_ram_start = .
                0x0000000040009000                __data_region_start = .

datas           0x0000000040008850      0x858
                0x0000000040009000                . = ALIGN (_region_min_align)
 *fill*         0x0000000040008850      0x7b0 
                0x0000000040009000                __data_start = .
 *(SORT_BY_ALIGNMENT(.data))
 *(SORT_BY_ALIGNMENT(.data.*))
 .data._char_out
                0x0000000040009000        0x8 zephyr/libzephyr.a(printk.c.obj)
 .data.__stdout
                0x0000000040009008       0x20 zephyr/lib/libc/picolibc/liblib__libc__picolibc.a(stdio.c.obj)
 .data.pl011_data_port_0
                0x0000000040009028       0x30 zephyr/drivers/serial/libdrivers__serial.a(uart_pl011.c.obj)
 .data.pl011_cfg_port_0
                0x0000000040009058       0x30 zephyr/drivers/serial/libdrivers__serial.a(uart_pl011.c.obj)
 .data.timeout_list
                0x0000000040009088       0x10 zephyr/kernel/libkernel.a(timeout.c.obj)
 .data.virt_region_bitmap
                0x0000000040009098       0x10 zephyr/kernel/libkernel.a(mmu.c.obj)
 *(SORT_BY_ALIGNMENT(.kernel.*))
                0x00000000400090a8                __data_end = .
                0x00000000000000a8                __data_size = (__data_end - __data_start)
                0x0000000040008850                __data_load_start = LOADADDR (datas)

device_states   0x00000000400090a8        0x4
                0x00000000400090a8                __device_states_start = .
 *(SORT_BY_ALIGNMENT(.z_devstate))
 .z_devstate    0x00000000400090a8        0x2 zephyr/drivers/interrupt_controller/libdrivers__interrupt_controller.a(intc_gicv3.c.obj)
 .z_devstate    0x00000000400090aa        0x2 zephyr/drivers/serial/libdrivers__serial.a(uart_pl011.c.obj)
 *(SORT_BY_ALIGNMENT(.z_devstate.*))
                0x00000000400090ac                __device_states_end = .

log_mpsc_pbuf_area
                0x00000000400090ac        0x0
                0x00000000400090ac                _log_mpsc_pbuf_list_start = .
 *(SORT_BY_NAME(SORT_BY_ALIGNMENT(._log_mpsc_pbuf.static.*)))
                0x00000000400090ac                _log_mpsc_pbuf_list_end = .

log_msg_ptr_area
                0x00000000400090ac        0x0
                0x00000000400090ac                _log_msg_ptr_list_start = .
 *(SORT_BY_NAME(SORT_BY_ALIGNMENT(._log_msg_ptr.static.*)))
                0x00000000400090ac                _log_msg_ptr_list_end = .

log_dynamic_area
                0x00000000400090ac        0x0
                0x00000000400090ac                _log_dynamic_list_start = .
 *(SORT_BY_NAME(SORT_BY_ALIGNMENT(._log_dynamic.static.*)))
                0x00000000400090ac                _log_dynamic_list_end = .

k_timer_area    0x00000000400090ac        0x0
                0x00000000400090ac                _k_timer_list_start = .
 *(SORT_BY_NAME(SORT_BY_ALIGNMENT(._k_timer.static.*)))
                0x00000000400090ac                _k_timer_list_end = .

k_mem_slab_area
                0x00000000400090ac        0x0
                0x00000000400090ac                _k_mem_slab_list_start = .
 *(SORT_BY_NAME(SORT_BY_ALIGNMENT(._k_mem_slab.static.*)))
                0x00000000400090ac                _k_mem_slab_list_end = .

k_heap_area     0x00000000400090ac        0x0
                0x00000000400090ac                _k_heap_list_start = .
 *(SORT_BY_NAME(SORT_BY_ALIGNMENT(._k_heap.static.*)))
                0x00000000400090ac                _k_heap_list_end = .

k_mutex_area    0x00000000400090ac        0x0
                0x00000000400090ac                _k_mutex_list_start = .
 *(SORT_BY_NAME(SORT_BY_ALIGNMENT(._k_mutex.static.*)))
                0x00000000400090ac                _k_mutex_list_end = .

k_stack_area    0x00000000400090ac        0x0
                0x00000000400090ac                _k_stack_list_start = .
 *(SORT_BY_NAME(SORT_BY_ALIGNMENT(._k_stack.static.*)))
                0x00000000400090ac                _k_stack_list_end = .

k_msgq_area     0x00000000400090ac        0x0
                0x00000000400090ac                _k_msgq_list_start = .
 *(SORT_BY_NAME(SORT_BY_ALIGNMENT(._k_msgq.static.*)))
                0x00000000400090ac                _k_msgq_list_end = .

k_mbox_area     0x00000000400090ac        0x0
                0x00000000400090ac                _k_mbox_list_start = .
 *(SORT_BY_NAME(SORT_BY_ALIGNMENT(._k_mbox.static.*)))
                0x00000000400090ac                _k_mbox_list_end = .

k_pipe_area     0x00000000400090ac        0x0
                0x00000000400090ac                _k_pipe_list_start = .
 *(SORT_BY_NAME(SORT_BY_ALIGNMENT(._k_pipe.static.*)))
                0x00000000400090ac                _k_pipe_list_end = .

k_sem_area      0x00000000400090ac        0x0
                0x00000000400090ac                _k_sem_list_start = .
 *(SORT_BY_NAME(SORT_BY_ALIGNMENT(._k_sem.static.*)))
                0x00000000400090ac                _k_sem_list_end = .

k_event_area    0x00000000400090ac        0x0
                0x00000000400090ac                _k_event_list_start = .
 *(SORT_BY_NAME(SORT_BY_ALIGNMENT(._k_event.static.*)))
                0x00000000400090ac                _k_event_list_end = .

k_queue_area    0x00000000400090ac        0x0
                0x00000000400090ac                _k_queue_list_start = .
 *(SORT_BY_NAME(SORT_BY_ALIGNMENT(._k_queue.static.*)))
                0x00000000400090ac                _k_queue_list_end = .

k_fifo_area     0x00000000400090ac        0x0
                0x00000000400090ac                _k_fifo_list_start = .
 *(SORT_BY_NAME(SORT_BY_ALIGNMENT(._k_fifo.static.*)))
                0x00000000400090ac                _k_fifo_list_end = .

k_lifo_area     0x00000000400090ac        0x0
                0x00000000400090ac                _k_lifo_list_start = .
 *(SORT_BY_NAME(SORT_BY_ALIGNMENT(._k_lifo.static.*)))
                0x00000000400090ac                _k_lifo_list_end = .

k_condvar_area  0x00000000400090ac        0x0
                0x00000000400090ac                _k_condvar_list_start = .
 *(SORT_BY_NAME(SORT_BY_ALIGNMENT(._k_condvar.static.*)))
                0x00000000400090ac                _k_condvar_list_end = .

sys_mem_blocks_ptr_area
                0x00000000400090ac        0x0
                0x00000000400090ac                _sys_mem_blocks_ptr_list_start = .
 *(SORT_BY_NAME(SORT_BY_ALIGNMENT(._sys_mem_blocks_ptr.static.*)))
                0x00000000400090ac                _sys_mem_blocks_ptr_list_end = .

net_buf_pool_area
                0x00000000400090ac        0x0
                0x00000000400090ac                _net_buf_pool_list_start = .
 *(SORT_BY_NAME(SORT_BY_ALIGNMENT(._net_buf_pool.static.*)))
                0x00000000400090ac                _net_buf_pool_list_end = .
                0x00000000400090ac                __data_region_end = .
                0x0000000040008850                __data_region_load_start = LOADADDR (datas)

bss             0x000000004000a000    0x49b43
                0x000000004000a000                . = ALIGN (0x8)
                0x000000004000a000                __bss_start = .
 *(SORT_BY_ALIGNMENT(.bss))
 .bss           0x000000004000a000        0x1 c:/users/gusta/zephyr-sdk-0.17.0/aarch64-zephyr-elf/bin/../lib/gcc/aarch64-zephyr-elf/12.2.0\libgcc.a(lse-init.o)
                0x000000004000a000                __aarch64_have_lse_atomics
 *(SORT_BY_ALIGNMENT(.bss.*))
 *fill*         0x000000004000a001      0xfff 
 .bss.xlat_tables
                0x000000004000b000     0x8000 zephyr/arch/arch/arm64/core/libarch__arm64__core.a(mmu.c.obj)
 .bss.z_idle_threads
                0x0000000040013000      0x310 zephyr/kernel/libkernel.a(init.c.obj)
                0x0000000040013000                z_idle_threads
 .bss.z_main_thread
                0x0000000040013310      0x310 zephyr/kernel/libkernel.a(init.c.obj)
                0x0000000040013310                z_main_thread
 .bss._thread_dummy
                0x0000000040013620      0x310 zephyr/kernel/libkernel.a(sched.c.obj)
                0x0000000040013620                _thread_dummy
 .bss.kernel_ptables
                0x0000000040013930       0x10 zephyr/arch/arch/arm64/core/libarch__arm64__core.a(mmu.c.obj)
 .bss.dcache_line_size
                0x0000000040013940        0x8 zephyr/arch/arch/arm64/core/libarch__arm64__core.a(mmu.c.obj)
 .bss._stdout_hook
                0x0000000040013948        0x8 zephyr/lib/libc/picolibc/liblib__libc__picolibc.a(stdio.c.obj)
 .bss.z_malloc_heap
                0x0000000040013950       0x18 zephyr/lib/libc/common/liblib__libc__common.a(malloc.c.obj)
 .bss.gic_rdists
                0x0000000040013968        0x8 zephyr/drivers/interrupt_controller/libdrivers__interrupt_controller.a(intc_gicv3.c.obj)
                0x0000000040013968                gic_rdists
 .bss.last_tick
                0x0000000040013970        0x8 zephyr/drivers/timer/libdrivers__timer.a(arm_arch_timer.c.obj)
 .bss.last_cycle
                0x0000000040013978        0x8 zephyr/drivers/timer/libdrivers__timer.a(arm_arch_timer.c.obj)
 .bss._kernel   0x0000000040013980       0x50 zephyr/kernel/libkernel.a(init.c.obj)
                0x0000000040013980                _kernel
 .bss.slice_timeouts
                0x00000000400139d0       0x20 zephyr/kernel/libkernel.a(timeslicing.c.obj)
 .bss.curr_tick
                0x00000000400139f0        0x8 zephyr/kernel/libkernel.a(timeout.c.obj)
 .bss.z_free_page_count
                0x00000000400139f8        0x8 zephyr/kernel/libkernel.a(mmu.c.obj)
 .bss.free_page_frame_list
                0x0000000040013a00       0x10 zephyr/kernel/libkernel.a(mmu.c.obj)
 .bss.k_mem_page_frames
                0x0000000040013a10    0x40000 zephyr/kernel/libkernel.a(mmu.c.obj)
                0x0000000040013a10                k_mem_page_frames
 .bss.xlat_use_count
                0x0000000040053a10       0x20 zephyr/arch/arch/arm64/core/libarch__arm64__core.a(mmu.c.obj)
 .bss.last_elapsed
                0x0000000040053a30        0x4 zephyr/drivers/timer/libdrivers__timer.a(arm_arch_timer.c.obj)
 .bss.slice_max_prio
                0x0000000040053a34        0x4 zephyr/kernel/libkernel.a(timeslicing.c.obj)
 .bss.slice_ticks
                0x0000000040053a38        0x4 zephyr/kernel/libkernel.a(timeslicing.c.obj)
 .bss.announce_remaining
                0x0000000040053a3c        0x4 zephyr/kernel/libkernel.a(timeout.c.obj)
 .bss._sys_bitarray_bundles_virt_region_bitmap
                0x0000000040053a40      0x100 zephyr/kernel/libkernel.a(mmu.c.obj)
 .bss.z_sys_post_kernel
                0x0000000040053b40        0x1 zephyr/kernel/libkernel.a(init.c.obj)
                0x0000000040053b40                z_sys_post_kernel
 .bss._sched_spinlock
                0x0000000040053b41        0x0 zephyr/kernel/libkernel.a(sched.c.obj)
                0x0000000040053b41                _sched_spinlock
 .bss.slice_expired
                0x0000000040053b41        0x1 zephyr/kernel/libkernel.a(timeslicing.c.obj)
 .bss.virt_region_inited
                0x0000000040053b42        0x1 zephyr/kernel/libkernel.a(mmu.c.obj)
 *(SORT_BY_ALIGNMENT(COMMON))
 *(SORT_BY_ALIGNMENT(.kernel_bss.*))
                0x0000000040053b48                __bss_end = ALIGN (0x8)

noinit          0x0000000040053b50     0x7000
 *(SORT_BY_ALIGNMENT(.noinit))
 *(SORT_BY_ALIGNMENT(.noinit.*))
 .noinit."WEST_TOPDIR/zephyr/kernel/init.c".2
                0x0000000040053b50     0x1000 zephyr/kernel/libkernel.a(init.c.obj)
                0x0000000040053b50                z_interrupt_stacks
 .noinit."WEST_TOPDIR/zephyr/kernel/init.c".1
                0x0000000040054b50     0x1000 zephyr/kernel/libkernel.a(init.c.obj)
 .noinit."WEST_TOPDIR/zephyr/kernel/init.c".0
                0x0000000040055b50     0x1000 zephyr/kernel/libkernel.a(init.c.obj)
                0x0000000040055b50                z_main_stack
 .noinit."WEST_TOPDIR/zephyr/lib/libc/common/source/stdlib/malloc.c".0
                0x0000000040056b50     0x4000 zephyr/lib/libc/common/liblib__libc__common.a(malloc.c.obj)
                0x0000000048000000                __kernel_ram_end = 0x48000000
                0x0000000007ff7000                __kernel_ram_size = (__kernel_ram_end - __kernel_ram_start)

/DISCARD/
 *(SORT_BY_ALIGNMENT(.irq_info*))
 *(SORT_BY_ALIGNMENT(.intList*))

.last_ram_section
                0x000000004005ab50      0x4b0
                0x000000004005b000                . = ALIGN (_region_min_align)
 *fill*         0x000000004005ab50      0x4b0 
                0x000000004005b000                _image_ram_end = .
                0x0000000000052000                _image_ram_size = (_image_ram_end - _image_ram_start)
                0x000000004005b000                _end = .
                0x000000004005b000                z_mapped_end = .

.stab
 *(SORT_BY_ALIGNMENT(.stab))

.stabstr
 *(SORT_BY_ALIGNMENT(.stabstr))

.stab.excl
 *(SORT_BY_ALIGNMENT(.stab.excl))

.stab.exclstr
 *(SORT_BY_ALIGNMENT(.stab.exclstr))

.stab.index
 *(SORT_BY_ALIGNMENT(.stab.index))

.stab.indexstr
 *(SORT_BY_ALIGNMENT(.stab.indexstr))

.gnu.build.attributes
 *(SORT_BY_ALIGNMENT(.gnu.build.attributes) SORT_BY_ALIGNMENT(.gnu.build.attributes.*))

.comment        0x0000000000000000       0x20
 *(SORT_BY_ALIGNMENT(.comment))
 .comment       0x0000000000000000       0x20 zephyr/CMakeFiles/zephyr_final.dir/isr_tables.c.obj
                                         0x21 (size before relaxing)
 .comment       0x0000000000000020       0x21 zephyr/CMakeFiles/offsets.dir/./arch/arm64/core/offsets/offsets.c.obj
 .comment       0x0000000000000020       0x21 app/libapp.a(main.c.obj)
 .comment       0x0000000000000020       0x21 zephyr/libzephyr.a(heap.c.obj)
 .comment       0x0000000000000020       0x21 zephyr/libzephyr.a(printk.c.obj)
 .comment       0x0000000000000020       0x21 zephyr/libzephyr.a(thread_entry.c.obj)
 .comment       0x0000000000000020       0x21 zephyr/libzephyr.a(bitarray.c.obj)
 .comment       0x0000000000000020       0x21 zephyr/libzephyr.a(configs.c.obj)
 .comment       0x0000000000000020       0x21 zephyr/libzephyr.a(mmu_regions.c.obj)
 .comment       0x0000000000000020       0x21 zephyr/arch/arch/arm64/core/libarch__arm64__core.a(fatal.c.obj)
 .comment       0x0000000000000020       0x21 zephyr/arch/arch/arm64/core/libarch__arm64__core.a(irq_init.c.obj)
 .comment       0x0000000000000020       0x21 zephyr/arch/arch/arm64/core/libarch__arm64__core.a(irq_manage.c.obj)
 .comment       0x0000000000000020       0x21 zephyr/arch/arch/arm64/core/libarch__arm64__core.a(prep_c.c.obj)